Component: ARM Compiler 5.06 update 5 (build 528) Tool: armlink [4d35e2]

==============================================================================

Section Cross References

    startup_stm32f10x_cl.o(STACK) refers (Special) to heapauxi.o(.text) for __use_two_region_memory
    startup_stm32f10x_cl.o(HEAP) refers (Special) to heapauxi.o(.text) for __use_two_region_memory
    startup_stm32f10x_cl.o(RESET) refers (Special) to heapauxi.o(.text) for __use_two_region_memory
    startup_stm32f10x_cl.o(RESET) refers to startup_stm32f10x_cl.o(STACK) for __initial_sp
    startup_stm32f10x_cl.o(RESET) refers to startup_stm32f10x_cl.o(.text) for Reset_Handler
    startup_stm32f10x_cl.o(RESET) refers to stm32f10x_it.o(i.NMI_Handler) for NMI_Handler
    startup_stm32f10x_cl.o(RESET) refers to stm32f10x_it.o(i.HardFault_Handler) for HardFault_Handler
    startup_stm32f10x_cl.o(RESET) refers to stm32f10x_it.o(i.MemManage_Handler) for MemManage_Handler
    startup_stm32f10x_cl.o(RESET) refers to stm32f10x_it.o(i.BusFault_Handler) for BusFault_Handler
    startup_stm32f10x_cl.o(RESET) refers to stm32f10x_it.o(i.UsageFault_Handler) for UsageFault_Handler
    startup_stm32f10x_cl.o(RESET) refers to stm32f10x_it.o(i.SVC_Handler) for SVC_Handler
    startup_stm32f10x_cl.o(RESET) refers to stm32f10x_it.o(i.DebugMon_Handler) for DebugMon_Handler
    startup_stm32f10x_cl.o(RESET) refers to stm32f10x_it.o(i.PendSV_Handler) for PendSV_Handler
    startup_stm32f10x_cl.o(RESET) refers to stm32f10x_it.o(i.SysTick_Handler) for SysTick_Handler
    startup_stm32f10x_cl.o(RESET) refers to serial.o(i.USART1_IRQHandler) for USART1_IRQHandler
    startup_stm32f10x_cl.o(RESET) refers to serial3.o(i.USART3_IRQHandler) for USART3_IRQHandler
    startup_stm32f10x_cl.o(.text) refers (Special) to heapauxi.o(.text) for __use_two_region_memory
    startup_stm32f10x_cl.o(.text) refers to system_stm32f10x.o(i.SystemInit) for SystemInit
    startup_stm32f10x_cl.o(.text) refers to __main.o(!!!main) for __main
    startup_stm32f10x_cl.o(.text) refers to startup_stm32f10x_cl.o(HEAP) for Heap_Mem
    startup_stm32f10x_cl.o(.text) refers to startup_stm32f10x_cl.o(STACK) for Stack_Mem
    system_stm32f10x.o(i.SetSysClock) refers to system_stm32f10x.o(i.SetSysClockTo72) for SetSysClockTo72
    system_stm32f10x.o(i.SystemCoreClockUpdate) refers to system_stm32f10x.o(.data) for SystemCoreClock
    system_stm32f10x.o(i.SystemInit) refers to system_stm32f10x.o(i.SetSysClock) for SetSysClock
    stm32f10x_adc.o(i.ADC_DeInit) refers to stm32f10x_rcc.o(i.RCC_APB2PeriphResetCmd) for RCC_APB2PeriphResetCmd
    stm32f10x_bkp.o(i.BKP_DeInit) refers to stm32f10x_rcc.o(i.RCC_BackupResetCmd) for RCC_BackupResetCmd
    stm32f10x_can.o(i.CAN_DeInit) refers to stm32f10x_rcc.o(i.RCC_APB1PeriphResetCmd) for RCC_APB1PeriphResetCmd
    stm32f10x_can.o(i.CAN_GetITStatus) refers to stm32f10x_can.o(i.CheckITStatus) for CheckITStatus
    stm32f10x_cec.o(i.CEC_DeInit) refers to stm32f10x_rcc.o(i.RCC_APB1PeriphResetCmd) for RCC_APB1PeriphResetCmd
    stm32f10x_dac.o(i.DAC_DeInit) refers to stm32f10x_rcc.o(i.RCC_APB1PeriphResetCmd) for RCC_APB1PeriphResetCmd
    stm32f10x_flash.o(i.FLASH_EnableWriteProtection) refers to stm32f10x_flash.o(i.FLASH_WaitForLastOperation) for FLASH_WaitForLastOperation
    stm32f10x_flash.o(i.FLASH_EraseAllBank1Pages) refers to stm32f10x_flash.o(i.FLASH_WaitForLastBank1Operation) for FLASH_WaitForLastBank1Operation
    stm32f10x_flash.o(i.FLASH_EraseAllPages) refers to stm32f10x_flash.o(i.FLASH_WaitForLastOperation) for FLASH_WaitForLastOperation
    stm32f10x_flash.o(i.FLASH_EraseOptionBytes) refers to stm32f10x_flash.o(i.FLASH_GetReadOutProtectionStatus) for FLASH_GetReadOutProtectionStatus
    stm32f10x_flash.o(i.FLASH_EraseOptionBytes) refers to stm32f10x_flash.o(i.FLASH_WaitForLastOperation) for FLASH_WaitForLastOperation
    stm32f10x_flash.o(i.FLASH_ErasePage) refers to stm32f10x_flash.o(i.FLASH_WaitForLastOperation) for FLASH_WaitForLastOperation
    stm32f10x_flash.o(i.FLASH_ProgramHalfWord) refers to stm32f10x_flash.o(i.FLASH_WaitForLastOperation) for FLASH_WaitForLastOperation
    stm32f10x_flash.o(i.FLASH_ProgramOptionByteData) refers to stm32f10x_flash.o(i.FLASH_WaitForLastOperation) for FLASH_WaitForLastOperation
    stm32f10x_flash.o(i.FLASH_ProgramWord) refers to stm32f10x_flash.o(i.FLASH_WaitForLastOperation) for FLASH_WaitForLastOperation
    stm32f10x_flash.o(i.FLASH_ReadOutProtection) refers to stm32f10x_flash.o(i.FLASH_WaitForLastOperation) for FLASH_WaitForLastOperation
    stm32f10x_flash.o(i.FLASH_UserOptionByteConfig) refers to stm32f10x_flash.o(i.FLASH_WaitForLastOperation) for FLASH_WaitForLastOperation
    stm32f10x_flash.o(i.FLASH_WaitForLastBank1Operation) refers to stm32f10x_flash.o(i.FLASH_GetBank1Status) for FLASH_GetBank1Status
    stm32f10x_flash.o(i.FLASH_WaitForLastOperation) refers to stm32f10x_flash.o(i.FLASH_GetBank1Status) for FLASH_GetBank1Status
[...]
    dc.s                                     0x00000000   Number         0  dc.o ABSOLUTE
    RESET                                    0x08000000   Section      336  startup_stm32f10x_cl.o(RESET)
    !!!main                                  0x08000150   Section        8  __main.o(!!!main)
    !!!scatter                               0x08000158   Section       52  __scatter.o(!!!scatter)
    !!handler_copy                           0x0800018c   Section       26  __scatter_copy.o(!!handler_copy)
    !!handler_zi                             0x080001a8   Section       28  __scatter_zi.o(!!handler_zi)
    .ARM.Collect$$_printf_percent$$00000000  0x080001c4   Section        0  _printf_percent.o(.ARM.Collect$$_printf_percent$$00000000)
    .ARM.Collect$$_printf_percent$$00000003  0x080001c4   Section        6  _printf_f.o(.ARM.Collect$$_printf_percent$$00000003)
    .ARM.Collect$$_printf_percent$$00000009  0x080001ca   Section        6  _printf_d.o(.ARM.Collect$$_printf_percent$$00000009)
    .ARM.Collect$$_printf_percent$$00000014  0x080001d0   Section        6  _printf_s.o(.ARM.Collect$$_printf_percent$$00000014)
    .ARM.Collect$$_printf_percent$$00000017  0x080001d6   Section        4  _printf_percent_end.o(.ARM.Collect$$_printf_percent$$00000017)
    .ARM.Collect$$libinit$$00000000          0x080001da   Section        2  libinit.o(.ARM.Collect$$libinit$$00000000)
    .ARM.Collect$$libinit$$00000002          0x080001dc   Section        0  libinit2.o(.ARM.Collect$$libinit$$00000002)
    .ARM.Collect$$libinit$$00000004          0x080001dc   Section        0  libinit2.o(.ARM.Collect$$libinit$$00000004)
    .ARM.Collect$$libinit$$0000000A          0x080001dc   Section        0  libinit2.o(.ARM.Collect$$libinit$$0000000A)
    .ARM.Collect$$libinit$$0000000C          0x080001dc   Section        0  libinit2.o(.ARM.Collect$$libinit$$0000000C)
    .ARM.Collect$$libinit$$0000000E          0x080001dc   Section        0  libinit2.o(.ARM.Collect$$libinit$$0000000E)
    .ARM.Collect$$libinit$$0000000F          0x080001dc   Section        6  libinit2.o(.ARM.Collect$$libinit$$0000000F)
    .ARM.Collect$$libinit$$00000011          0x080001e2   Section        0  libinit2.o(.ARM.Collect$$libinit$$00000011)
    .ARM.Collect$$libinit$$00000013          0x080001e2   Section        0  libinit2.o(.ARM.Collect$$libinit$$00000013)
    .ARM.Collect$$libinit$$00000015          0x080001e2   Section        0  libinit2.o(.ARM.Collect$$libinit$$00000015)
    .ARM.Collect$$libinit$$00000016          0x080001e2   Section       10  libinit2.o(.ARM.Collect$$libinit$$00000016)
    .ARM.Collect$$libinit$$00000017          0x080001ec   Section        0  libinit2.o(.ARM.Collect$$libinit$$00000017)
    .ARM.Collect$$libinit$$00000019          0x080001ec   Section        0  libinit2.o(.ARM.Collect$$libinit$$00000019)
    .ARM.Collect$$libinit$$0000001B          0x080001ec   Section        0  libinit2.o(.ARM.Collect$$libinit$$0000001B)
    .ARM.Collect$$libinit$$0000001D          0x080001ec   Section        0  libinit2.o(.ARM.Collect$$libinit$$0000001D)
    .ARM.Collect$$libinit$$0000001F          0x080001ec   Section        0  libinit2.o(.ARM.Collect$$libinit$$0000001F)
    .ARM.Collect$$libinit$$00000021          0x080001ec   Section        0  libinit2.o(.ARM.Collect$$libinit$$00000021)
    .ARM.Collect$$libinit$$00000023          0x080001ec   Section        0  libinit2.o(.ARM.Collect$$libinit$$00000023)
    .ARM.Collect$$libinit$$00000025          0x080001ec   Section        0  libinit2.o(.ARM.Collect$$libinit$$00000025)
    .ARM.Collect$$libinit$$0000002C          0x080001ec   Section        0  libinit2.o(.ARM.Collect$$libinit$$0000002C)
    .ARM.Collect$$libinit$$0000002E          0x080001ec   Section        0  libinit2.o(.ARM.Collect$$libinit$$0000002E)
    .ARM.Collect$$libinit$$00000030          0x080001ec   Section        0  libinit2.o(.ARM.Collect$$libinit$$00000030)
    .ARM.Collect$$libinit$$00000032          0x080001ec   Section        0  libinit2.o(.ARM.Collect$$libinit$$00000032)
    .ARM.Collect$$libinit$$00000033          0x080001ec   Section        2  libinit2.o(.ARM.Collect$$libinit$$00000033)
    .ARM.Collect$$libshutdown$$00000000      0x080001ee   Section        2  libshutdown.o(.ARM.Collect$$libshutdown$$00000000)
    .ARM.Collect$$libshutdown$$00000002      0x080001f0   Section        0  libshutdown2.o(.ARM.Collect$$libshutdown$$00000002)
    .ARM.Collect$$libshutdown$$00000004      0x080001f0   Section        0  libshutdown2.o(.ARM.Collect$$libshutdown$$00000004)
    .ARM.Collect$$libshutdown$$00000007      0x080001f0   Section        0  libshutdown2.o(.ARM.Collect$$libshutdown$$00000007)
    .ARM.Collect$$libshutdown$$0000000A      0x080001f0   Section        0  libshutdown2.o(.ARM.Collect$$libshutdown$$0000000A)
    .ARM.Collect$$libshutdown$$0000000C      0x080001f0   Section        0  libshutdown2.o(.ARM.Collect$$libshutdown$$0000000C)
    .ARM.Collect$$libshutdown$$0000000F      0x080001f0   Section        0  libshutdown2.o(.ARM.Collect$$libshutdown$$0000000F)
    .ARM.Collect$$libshutdown$$00000010      0x080001f0   Section        2  libshutdown2.o(.ARM.Collect$$libshutdown$$00000010)
    .ARM.Collect$$rtentry$$00000000          0x080001f2   Section        0  __rtentry.o(.ARM.Collect$$rtentry$$00000000)
    .ARM.Collect$$rtentry$$00000002          0x080001f2   Section        0  __rtentry2.o(.ARM.Collect$$rtentry$$00000002)
    .ARM.Collect$$rtentry$$00000004          0x080001f2   Section        6  __rtentry4.o(.ARM.Collect$$rtentry$$00000004)
    .ARM.Collect$$rtentry$$00000009          0x080001f8   Section        0  __rtentry2.o(.ARM.Collect$$rtentry$$00000009)
    .ARM.Collect$$rtentry$$0000000A          0x080001f8   Section        4  __rtentry2.o(.ARM.Collect$$rtentry$$0000000A)
    .ARM.Collect$$rtentry$$0000000C          0x080001fc   Section        0  __rtentry2.o(.ARM.Collect$$rtentry$$0000000C)
    .ARM.Collect$$rtentry$$0000000D          0x080001fc   Section        8  __rtentry2.o(.ARM.Collect$$rtentry$$0000000D)
    .ARM.Collect$$rtexit$$00000000           0x08000204   Section        2  rtexit.o(.ARM.Collect$$rtexit$$00000000)
    .ARM.Collect$$rtexit$$00000002           0x08000206   Section        0  rtexit2.o(.ARM.Collect$$rtexit$$00000002)
    .ARM.Collect$$rtexit$$00000003           0x08000206   Section        4  rtexit2.o(.ARM.Collect$$rtexit$$00000003)
    .ARM.Collect$$rtexit$$00000004           0x0800020a   Section        6  rtexit2.o(.ARM.Collect$$rtexit$$00000004)
    .text                                    0x08000210   Section       64  startup_stm32f10x_cl.o(.text)
    .text                                    0x08000250   Section        0  __2sprintf.o(.text)
    .text                                    0x0800027c   Section        0  _printf_str.o(.text)
    .text                                    0x080002d0   Section        0  _printf_dec.o(.text)
    .text                                    0x08000348   Section        0  __printf_flags_ss_wp.o(.text)
    .text                                    0x080004d0   Section        0  strstr.o(.text)
    .text                                    0x080004f4   Section        0  strlen.o(.text)
    .text                                    0x08000532   Section       68  rt_memclr.o(.text)
    .text                                    0x08000576   Section       86  strncpy.o(.text)
    .text                                    0x080005cc   Section      128  strcmpv7m.o(.text)
    .text                                    0x0800064c   Section        0  heapauxi.o(.text)
    .text                                    0x08000652   Section        0  _printf_intcommon.o(.text)
    .text                                    0x08000704   Section        0  _printf_fp_dec.o(.text)
    _fp_digits                               0x08000707   Thumb Code   432  _printf_fp_dec.o(.text)
    .text                                    0x08000b24   Section        0  _printf_char_common.o(.text)
    _printf_input_char                       0x08000b25   Thumb Code    10  _printf_char_common.o(.text)
    .text                                    0x08000b54   Section        0  _sputc.o(.text)
    .text                                    0x08000b5e   Section        0  _printf_char.o(.text)
    .text                                    0x08000b8a   Section       78  rt_memclr_w.o(.text)
    .text                                    0x08000bd8   Section        8  libspace.o(.text)
    .text                                    0x08000be0   Section        8  rt_locale_intlibspace.o(.text)
    .text                                    0x08000be8   Section      138  lludiv10.o(.text)
    .text                                    0x08000c74   Section        0  _printf_fp_infnan.o(.text)
    .text                                    0x08000cf4   Section        0  bigflt0.o(.text)
    .text                                    0x08000dd8   Section       74  sys_stackheap_outer.o(.text)
    .text                                    0x08000e22   Section        0  exit.o(.text)
    .text                                    0x08000e34   Section        0  sys_exit.o(.text)
    .text                                    0x08000e40   Section        2  use_no_semi.o(.text)
    .text                                    0x08000e42   Section        0  indicate_semi.o(.text)
    CL$$btod_d2e                             0x08000e42   Section       62  btod.o(CL$$btod_d2e)
    CL$$btod_d2e_denorm_low                  0x08000e80   Section       70  btod.o(CL$$btod_d2e_denorm_low)
    CL$$btod_d2e_norm_op1                    0x08000ec6   Section       96  btod.o(CL$$btod_d2e_norm_op1)
    CL$$btod_div_common                      0x08000f26   Section      824  btod.o(CL$$btod_div_common)
    CL$$btod_e2e                             0x0800125e   Section      220  btod.o(CL$$btod_e2e)
    CL$$btod_ediv                            0x0800133a   Section       42  btod.o(CL$$btod_ediv)
    CL$$btod_emul                            0x08001364   Section       42  btod.o(CL$$btod_emul)
    CL$$btod_mult_common                     0x0800138e   Section      580  btod.o(CL$$btod_mult_common)
    i.ADC_Cmd                                0x080015d2   Section        0  stm32f10x_adc.o(i.ADC_Cmd)
    i.ADC_GetCalibrationStatus               0x080015e8   Section        0  stm32f10x_adc.o(i.ADC_GetCalibrationStatus)
    i.ADC_GetConversionValue                 0x080015fc   Section        0  stm32f10x_adc.o(i.ADC_GetConversionValue)
    i.ADC_GetFlagStatus                      0x08001604   Section        0  stm32f10x_adc.o(i.ADC_GetFlagStatus)
    i.ADC_GetResetCalibrationStatus          0x08001616   Section        0  stm32f10x_adc.o(i.ADC_GetResetCalibrationStatus)
    i.ADC_Init                               0x0800162c   Section        0  stm32f10x_adc.o(i.ADC_Init)
    i.ADC_RegularChannelConfig               0x0800167c   Section        0  stm32f10x_adc.o(i.ADC_RegularChannelConfig)
    i.ADC_ResetCalibration                   0x08001734   Section        0  stm32f10x_adc.o(i.ADC_ResetCalibration)
    i.ADC_SoftwareStartConvCmd               0x0800173e   Section        0  stm32f10x_adc.o(i.ADC_SoftwareStartConvCmd)
    i.ADC_StartCalibration                   0x08001754   Section        0  stm32f10x_adc.o(i.ADC_StartCalibration)
    i.AD_GetValue                            0x08001760   Section        0  ad.o(i.AD_GetValue)
    i.AD_Init                                0x08001784   Section        0  ad.o(i.AD_Init)
    i.BusFault_Handler                       0x08001824   Section        0  stm32f10x_it.o(i.BusFault_Handler)
    i.CRC8                                   0x08001828   Section        0  config.o(i.CRC8)
    CRC8                                     0x08001829   Thumb Code    56  config.o(i.CRC8)
    i.ClearRxBuffer                          0x08001860   Section        0  esp8266_driver.o(i.ClearRxBuffer)
    ClearRxBuffer                            0x08001861   Thumb Code    20  esp8266_driver.o(i.ClearRxBuffer)
    i.Config_Init                            0x0800187c   Section        0  config.o(i.Config_Init)
    i.Config_Save                            0x080018b4   Section        0  config.o(i.Config_Save)
    i.Config_SetDefault                      0x080018dc   Section        0  config.o(i.Config_SetDefault)
    i.DebugMon_Handler                       0x08001964   Section        0  stm32f10x_it.o(i.DebugMon_Handler)
    i.Delay_ms                               0x08001966   Section        0  delay.o(i.Delay_ms)
    i.Delay_us                               0x0800197e   Section        0  delay.o(i.Delay_us)
    i.ESP8266_ConnectServer                  0x080019ac   Section        0  esp8266_driver.o(i.ESP8266_ConnectServer)
    i.ESP8266_ConnectWiFi                    0x080019f4   Section        0  esp8266_driver.o(i.ESP8266_ConnectWiFi)
    i.ESP8266_SendCmd                        0x08001a88   Section        0  esp8266_driver.o(i.ESP8266_SendCmd)
    i.ESP8266_SendData                       0x08001aa4   Section        0  esp8266_driver.o(i.ESP8266_SendData)
    i.GPIO_Init                              0x08001b04   Section        0  stm32f10x_gpio.o(i.GPIO_Init)
    i.GPIO_ReadInputDataBit                  0x08001c1a   Section        0  stm32f10x_gpio.o(i.GPIO_ReadInputDataBit)
    i.GPIO_WriteBit                          0x08001c2c   Section        0  stm32f10x_gpio.o(i.GPIO_WriteBit)
    i.HardFault_Handler                      0x08001c36   Section        0  stm32f10x_it.o(i.HardFault_Handler)
    i.LightSensor_Get                        0x08001c3c   Section        0  lightsensor.o(i.LightSensor_Get)
    i.LightSensor_Init                       0x08001c4c   Section        0  lightsensor.o(i.LightSensor_Init)
    i.MemManage_Handler                      0x08001c78   Section        0  stm32f10x_it.o(i.MemManage_Handler)
    i.MySPI_Init                             0x08001c7c   Section        0  myspi.o(i.MySPI_Init)
    i.MySPI_Start                            0x08001d34   Section        0  myspi.o(i.MySPI_Start)
    i.MySPI_Stop                             0x08001d3e   Section        0  myspi.o(i.MySPI_Stop)
    i.MySPI_SwapByte                         0x08001d48   Section        0  myspi.o(i.MySPI_SwapByte)
    i.MySPI_W_SS                             0x08001d80   Section        0  myspi.o(i.MySPI_W_SS)
    i.NMI_Handler                            0x08001d94   Section        0  stm32f10x_it.o(i.NMI_Handler)
    i.NVIC_Init                              0x08001d98   Section        0  misc.o(i.NVIC_Init)
    i.NVIC_PriorityGroupConfig               0x08001e08   Section        0  misc.o(i.NVIC_PriorityGroupConfig)
    i.OLED_Clear                             0x08001e1c   Section        0  oled.o(i.OLED_Clear)
    i.OLED_I2C_Init                          0x08001e48   Section        0  oled.o(i.OLED_I2C_Init)
    i.OLED_I2C_SendByte                      0x08001e98   Section        0  oled.o(i.OLED_I2C_SendByte)
    i.OLED_I2C_Start                         0x08001ef4   Section        0  oled.o(i.OLED_I2C_Start)
    i.OLED_I2C_Stop                          0x08001f28   Section        0  oled.o(i.OLED_I2C_Stop)
    i.OLED_Init                              0x08001f50   Section        0  oled.o(i.OLED_Init)
    i.OLED_Pow                               0x08001ffe   Section        0  oled.o(i.OLED_Pow)
    i.OLED_SetCursor                         0x08002012   Section        0  oled.o(i.OLED_SetCursor)
    i.OLED_ShowChar                          0x08002034   Section        0  oled.o(i.OLED_ShowChar)
    i.OLED_ShowNum                           0x080020a8   Section        0  oled.o(i.OLED_ShowNum)
    i.OLED_ShowString                        0x080020ec   Section        0  oled.o(i.OLED_ShowString)
    i.OLED_WriteCommand                      0x08002114   Section        0  oled.o(i.OLED_WriteCommand)
    i.OLED_WriteData                         0x08002134   Section        0  oled.o(i.OLED_WriteData)
    i.PendSV_Handler                         0x08002154   Section        0  stm32f10x_it.o(i.PendSV_Handler)
    i.RCC_ADCCLKConfig                       0x08002158   Section        0  stm32f10x_rcc.o(i.RCC_ADCCLKConfig)
    i.RCC_APB1PeriphClockCmd                 0x08002170   Section        0  stm32f10x_rcc.o(i.RCC_APB1PeriphClockCmd)
    i.RCC_APB2PeriphClockCmd                 0x08002190   Section        0  stm32f10x_rcc.o(i.RCC_APB2PeriphClockCmd)
    i.RCC_GetClocksFreq                      0x080021b0   Section        0  stm32f10x_rcc.o(i.RCC_GetClocksFreq)
    i.SPI_Cmd                                0x08002284   Section        0  stm32f10x_spi.o(i.SPI_Cmd)
    i.SPI_I2S_GetFlagStatus                  0x0800229c   Section        0  stm32f10x_spi.o(i.SPI_I2S_GetFlagStatus)
    i.SPI_I2S_ReceiveData                    0x080022ae   Section        0  stm32f10x_spi.o(i.SPI_I2S_ReceiveData)
    i.SPI_I2S_SendData                       0x080022b4   Section        0  stm32f10x_spi.o(i.SPI_I2S_SendData)
    i.SPI_Init                               0x080022b8   Section        0  stm32f10x_spi.o(i.SPI_Init)
    i.SVC_Handler                            0x080022f4   Section        0  stm32f10x_it.o(i.SVC_Handler)
    i.Serial3_Init                           0x080022f8   Section        0  serial3.o(i.Serial3_Init)
    i.Serial_Available                       0x080023b4   Section        0  serial.o(i.Serial_Available)
    i.Serial_GetByte                         0x080023d0   Section        0  serial.o(i.Serial_GetByte)
    i.Serial_Init                            0x08002410   Section        0  serial.o(i.Serial_Init)
    i.Serial_SendByte                        0x080024c8   Section        0  serial.o(i.Serial_SendByte)
    i.Serial_SendString                      0x080024e8   Section        0  serial.o(i.Serial_SendString)
    i.SetSysClock                            0x08002502   Section        0  system_stm32f10x.o(i.SetSysClock)
    SetSysClock                              0x08002503   Thumb Code     8  system_stm32f10x.o(i.SetSysClock)
    i.SetSysClockTo72                        0x0800250c   Section        0  system_stm32f10x.o(i.SetSysClockTo72)
    SetSysClockTo72                          0x0800250d   Thumb Code   214  system_stm32f10x.o(i.SetSysClockTo72)
    i.SysTick_Handler                        0x080025ec   Section        0  stm32f10x_it.o(i.SysTick_Handler)
    i.SystemInit                             0x080025f0   Section        0  system_stm32f10x.o(i.SystemInit)
    i.USART1_IRQHandler                      0x08002650   Section        0  serial.o(i.USART1_IRQHandler)
    i.USART3_IRQHandler                      0x080026c8   Section        0  serial3.o(i.USART3_IRQHandler)
    i.USART_ClearFlag                        0x08002700   Section        0  stm32f10x_usart.o(i.USART_ClearFlag)
    i.USART_ClearITPendingBit                0x08002712   Section        0  stm32f10x_usart.o(i.USART_ClearITPendingBit)
    i.USART_Cmd                              0x08002730   Section        0  stm32f10x_usart.o(i.USART_Cmd)
    i.USART_GetFlagStatus                    0x08002748   Section        0  stm32f10x_usart.o(i.USART_GetFlagStatus)
    i.USART_GetITStatus                      0x08002762   Section        0  stm32f10x_usart.o(i.USART_GetITStatus)
    i.USART_ITConfig                         0x080027b6   Section        0  stm32f10x_usart.o(i.USART_ITConfig)
    i.USART_Init                             0x08002800   Section        0  stm32f10x_usart.o(i.USART_Init)
    i.USART_ReceiveData                      0x080028d8   Section        0  stm32f10x_usart.o(i.USART_ReceiveData)
    i.USART_SendData                         0x080028e2   Section        0  stm32f10x_usart.o(i.USART_SendData)
    i.UsageFault_Handler                     0x080028ea   Section        0  stm32f10x_it.o(i.UsageFault_Handler)
    i.W25Q64_Init                            0x080028ee   Section        0  w25q64.o(i.W25Q64_Init)
    i.W25Q64_PageProgram                     0x080028f6   Section        0  w25q64.o(i.W25Q64_PageProgram)
    i.W25Q64_ReadData                        0x08002942   Section        0  w25q64.o(i.W25Q64_ReadData)
    i.W25Q64_SectorErase                     0x08002986   Section        0  w25q64.o(i.W25Q64_SectorErase)
    i.W25Q64_WaitBusy                        0x080029b8   Section        0  w25q64.o(i.W25Q64_WaitBusy)
    i.W25Q64_WriteEnable                     0x080029e8   Section        0  w25q64.o(i.W25Q64_WriteEnable)
    i.WaitForResponse                        0x080029fc   Section        0  esp8266_driver.o(i.WaitForResponse)
    WaitForResponse                          0x080029fd   Thumb Code    96  esp8266_driver.o(i.WaitForResponse)
    i.__ARM_fpclassify                       0x08002a64   Section        0  fpclassify.o(i.__ARM_fpclassify)
    i._is_digit                              0x08002a8c   Section        0  __printf_wp.o(i._is_digit)
    i.main                                   0x08002a9c   Section        0  main.o(i.main)
    locale$$code                             0x08002d3c   Section       44  lc_numeric_c.o(locale$$code)
    x$fpl$d2f                                0x08002d68   Section       98  d2f.o(x$fpl$d2f)
    x$fpl$dadd                               0x08002dcc   Section      336  daddsub_clz.o(x$fpl$dadd)
    _dadd1                                   0x08002ddd   Thumb Code     0  daddsub_clz.o(x$fpl$dadd)
    x$fpl$dmul                               0x08002f1c   Section      340  dmul.o(x$fpl$dmul)
    x$fpl$dnaninf                            0x08003070   Section      156  dnaninf.o(x$fpl$dnaninf)
    x$fpl$dretinf                            0x0800310c   Section       12  dretinf.o(x$fpl$dretinf)
    x$fpl$dsub                               0x08003118   Section      468  daddsub_clz.o(x$fpl$dsub)
    _dsub1                                   0x08003129   Thumb Code     0  daddsub_clz.o(x$fpl$dsub)
    x$fpl$f2d                                0x080032ec   Section       86  f2d.o(x$fpl$f2d)
    x$fpl$fdiv                               0x08003344   Section      388  fdiv.o(x$fpl$fdiv)
    _fdiv1                                   0x08003345   Thumb Code     0  fdiv.o(x$fpl$fdiv)
    x$fpl$ffixu                              0x080034c8   Section       62  ffixu.o(x$fpl$ffixu)
    x$fpl$ffltu                              0x08003508   Section       38  fflt_clz.o(x$fpl$ffltu)
    x$fpl$fmul                               0x08003530   Section      258  fmul.o(x$fpl$fmul)
    x$fpl$fnaninf                            0x08003632   Section      140  fnaninf.o(x$fpl$fnaninf)
    x$fpl$fretinf                            0x080036be   Section       10  fretinf.o(x$fpl$fretinf)
    x$fpl$printf1                            0x080036c8   Section        4  printf1.o(x$fpl$printf1)
    .constdata                               0x080036cc   Section     1520  oled.o(.constdata)
    x$fpl$usenofp                            0x080036cc   Section        0  usenofp.o(x$fpl$usenofp)
    .constdata                               0x08003cbc   Section       17  __printf_flags_ss_wp.o(.constdata)
    maptable                                 0x08003cbc   Data          17  __printf_flags_ss_wp.o(.constdata)
    .constdata                               0x08003cd0   Section      148  bigflt0.o(.constdata)
    tenpwrs_x                                0x08003cd0   Data          60  bigflt0.o(.constdata)
    tenpwrs_i                                0x08003d0c   Data          64  bigflt0.o(.constdata)
    locale$$data                             0x08003d84   Section       28  lc_numeric_c.o(locale$$data)
    __lcnum_c_name                           0x08003d88   Data           2  lc_numeric_c.o(locale$$data)
    __lcnum_c_start                          0x08003d90   Data           0  lc_numeric_c.o(locale$$data)
    __lcnum_c_point                          0x08003d9c   Data           0  lc_numeric_c.o(locale$$data)
    __lcnum_c_thousands                      0x08003d9e   Data           0  lc_numeric_c.o(locale$$data)
    __lcnum_c_grouping                       0x08003d9f   Data           0  lc_numeric_c.o(locale$$data)
    __lcnum_c_end                            0x08003da0   Data           0  lc_numeric_c.o(locale$$data)
    .data                                    0x20000000   Section       20  stm32f10x_rcc.o(.data)
    APBAHBPrescTable                         0x20000000   Data          16  stm32f10x_rcc.o(.data)
    ADCPrescTable                            0x20000010   Data           4  stm32f10x_rcc.o(.data)
    .data                                    0x20000014   Section        6  serial.o(.data)
    rx_head                                  0x20000016   Data           2  serial.o(.data)
    rx_tail                                  0x20000018   Data           2  serial.o(.data)
    .data                                    0x2000001a   Section        2  esp8266_driver.o(.data)
    rx_index                                 0x2000001a   Data           2  esp8266_driver.o(.data)
    .data                                    0x2000001c   Section        2  serial3.o(.data)
    .data                                    0x20000020   Section        8  main.o(.data)
    .bss                                     0x20000028   Section      128  serial.o(.bss)
    rx_buffer                                0x20000028   Data         128  serial.o(.bss)
    .bss                                     0x200000a8   Section      256  esp8266_driver.o(.bss)
    rx_buf                                   0x200000a8   Data         256  esp8266_driver.o(.bss)
    .bss                                     0x200001a8   Section      139  config.o(.bss)
    .bss                                     0x20000233   Section       32  main.o(.bss)
    .bss                                     0x20000254   Section       96  libspace.o(.bss)
    HEAP                                     0x200002b8   Section      512  startup_stm32f10x_cl.o(HEAP)
    Heap_Mem                                 0x200002b8   Data         512  startup_stm32f10x_cl.o(HEAP)
    STACK                                    0x200004b8   Section     1024  startup_stm32f10x_cl.o(STACK)
    Stack_Mem                                0x200004b8   Data        1024  startup_stm32f10x_cl.o(STACK)
    __initial_sp                             0x200008b8   Data           0  startup_stm32f10x_cl.o(STACK)

    Global Symbols

    Symbol Name                              Value     Ov Type        Size  Object(Section)

    BuildAttributes$$THM_ISAv4$P$D$K$B$S$PE$A:L22UL41UL21$X:L11$S22US41US21$IEEE1$IW$USESV6$~STKCKD$USESV7$~SHL$OTIME$ROPI$IEEEJ$EBA8$UX$STANDARDLIB$REQ8$PRES8$EABIv2 0x00000000   Number         0  anon$$obj.o ABSOLUTE
    __ARM_use_no_argv                        0x00000000   Number         0  main.o ABSOLUTE
    _printf_flags                            0x00000000   Number         0  printf_stubs.o ABSOLUTE
    _printf_return_value                     0x00000000   Number         0  printf_stubs.o ABSOLUTE
    _printf_sizespec                         0x00000000   Number         0  printf_stubs.o ABSOLUTE
    _printf_widthprec                        0x00000000   Number         0  printf_stubs.o ABSOLUTE
    __ARM_exceptions_init                     - Undefined Weak Reference
    __alloca_initialize                       - Undefined Weak Reference
    __arm_preinit_                            - Undefined Weak Reference
    __cpp_initialize__aeabi_                  - Undefined Weak Reference
    __cxa_finalize                            - Undefined Weak Reference
    __sigvec_lookup                           - Undefined Weak Reference
    _atexit_init                              - Undefined Weak Reference
    _call_atexit_fns                          - Undefined Weak Reference
    _clock_init                               - Undefined Weak Reference
    _fp_trap_init                             - Undefined Weak Reference
    _fp_trap_shutdown                         - Undefined Weak Reference
    _get_lc_collate                           - Undefined Weak Reference
    _get_lc_monetary                          - Undefined Weak Reference
    _get_lc_time                              - Undefined Weak Reference
    _getenv_init                              - Undefined Weak Reference
    _handle_redirection                       - Undefined Weak Reference
    _init_alloc                               - Undefined Weak Reference
    _init_user_alloc                          - Undefined Weak Reference
    _initio                                   - Undefined Weak Reference
    _printf_mbtowc                            - Undefined Weak Reference
    _printf_wc                                - Undefined Weak Reference
    _rand_init                                - Undefined Weak Reference
    _signal_finish                            - Undefined Weak Reference
    _signal_init                              - Undefined Weak Reference
    _terminate_alloc                          - Undefined Weak Reference
    _terminate_user_alloc                     - Undefined Weak Reference
    _terminateio                              - Undefined Weak Reference
    __Vectors_Size                           0x00000150   Number         0  startup_stm32f10x_cl.o ABSOLUTE
    __Vectors                                0x08000000   Data           4  startup_stm32f10x_cl.o(RESET)
    __Vectors_End                            0x08000150   Data           0  startup_stm32f10x_cl.o(RESET)
    __main                                   0x08000151   Thumb Code     8  __main.o(!!!main)
    __scatterload                            0x08000159   Thumb Code     0  __scatter.o(!!!scatter)
    __scatterload_rt2                        0x08000159   Thumb Code    44  __scatter.o(!!!scatter)
    __scatterload_rt2_thumb_only             0x08000159   Thumb Code     0  __scatter.o(!!!scatter)
    __scatterload_null                       0x08000167   Thumb Code     0  __scatter.o(!!!scatter)
    __scatterload_copy                       0x0800018d   Thumb Code    26  __scatter_copy.o(!!handler_copy)
    __scatterload_zeroinit                   0x080001a9   Thumb Code    28  __scatter_zi.o(!!handler_zi)
    _printf_f                                0x080001c5   Thumb Code     0  _printf_f.o(.ARM.Collect$$_printf_percent$$00000003)
    _printf_percent                          0x080001c5   Thumb Code     0  _printf_percent.o(.ARM.Collect$$_printf_percent$$00000000)
    _printf_d                                0x080001cb   Thumb Code     0  _printf_d.o(.ARM.Collect$$_printf_percent$$00000009)
    _printf_s                                0x080001d1   Thumb Code     0  _printf_s.o(.ARM.Collect$$_printf_percent$$00000014)
    _printf_percent_end                      0x080001d7   Thumb Code     0  _printf_percent_end.o(.ARM.Collect$$_printf_percent$$00000017)
    __rt_lib_init                            0x080001db   Thumb Code     0  libinit.o(.ARM.Collect$$libinit$$00000000)
    __rt_lib_init_fp_1                       0x080001dd   Thumb Code     0  libinit2.o(.ARM.Collect$$libinit$$00000002)
    __rt_lib_init_heap_1                     0x080001dd   Thumb Code     0  libinit2.o(.ARM.Collect$$libinit$$0000000A)
    __rt_lib_init_lc_common                  0x080001dd   Thumb Code     0  libinit2.o(.ARM.Collect$$libinit$$0000000F)
    __rt_lib_init_preinit_1                  0x080001dd   Thumb Code     0  libinit2.o(.ARM.Collect$$libinit$$00000004)
    __rt_lib_init_rand_1                     0x080001dd   Thumb Code     0  libinit2.o(.ARM.Collect$$libinit$$0000000E)
    __rt_lib_init_user_alloc_1               0x080001dd   Thumb Code     0  libinit2.o(.ARM.Collect$$libinit$$0000000C)
    __rt_lib_init_lc_collate_1               0x080001e3   Thumb Code     0  libinit2.o(.ARM.Collect$$libinit$$00000011)
    __rt_lib_init_lc_ctype_1                 0x080001e3   Thumb Code     0  libinit2.o(.ARM.Collect$$libinit$$00000013)
    __rt_lib_init_lc_monetary_1              0x080001e3   Thumb Code     0  libinit2.o(.ARM.Collect$$libinit$$00000015)
    __rt_lib_init_lc_numeric_2               0x080001e3   Thumb Code     0  libinit2.o(.ARM.Collect$$libinit$$00000016)
    __rt_lib_init_alloca_1                   0x080001ed   Thumb Code     0  libinit2.o(.ARM.Collect$$libinit$$0000002E)
    __rt_lib_init_argv_1                     0x080001ed   Thumb Code     0  libinit2.o(.ARM.Collect$$libinit$$0000002C)
    __rt_lib_init_atexit_1                   0x080001ed   Thumb Code     0  libinit2.o(.ARM.Collect$$libinit$$0000001B)
    __rt_lib_init_clock_1                    0x080001ed   Thumb Code     0  libinit2.o(.ARM.Collect$$libinit$$00000021)
    __rt_lib_init_cpp_1                      0x080001ed   Thumb Code     0  libinit2.o(.ARM.Collect$$libinit$$00000032)
    __rt_lib_init_exceptions_1               0x080001ed   Thumb Code     0  libinit2.o(.ARM.Collect$$libinit$$00000030)
    __rt_lib_init_fp_trap_1                  0x080001ed   Thumb Code     0  libinit2.o(.ARM.Collect$$libinit$$0000001F)
    __rt_lib_init_getenv_1                   0x080001ed   Thumb Code     0  libinit2.o(.ARM.Collect$$libinit$$00000023)
    __rt_lib_init_lc_numeric_1               0x080001ed   Thumb Code     0  libinit2.o(.ARM.Collect$$libinit$$00000017)
    __rt_lib_init_lc_time_1                  0x080001ed   Thumb Code     0  libinit2.o(.ARM.Collect$$libinit$$00000019)
    __rt_lib_init_return                     0x080001ed   Thumb Code     0  libinit2.o(.ARM.Collect$$libinit$$00000033)
    __rt_lib_init_signal_1                   0x080001ed   Thumb Code     0  libinit2.o(.ARM.Collect$$libinit$$0000001D)
    __rt_lib_init_stdio_1                    0x080001ed   Thumb Code     0  libinit2.o(.ARM.Collect$$libinit$$00000025)
    __rt_lib_shutdown                        0x080001ef   Thumb Code     0  libshutdown.o(.ARM.Collect$$libshutdown$$00000000)
    __rt_lib_shutdown_cpp_1                  0x080001f1   Thumb Code     0  libshutdown2.o(.ARM.Collect$$libshutdown$$00000002)
    __rt_lib_shutdown_fp_trap_1              0x080001f1   Thumb Code     0  libshutdown2.o(.ARM.Collect$$libshutdown$$00000007)
    __rt_lib_shutdown_heap_1                 0x080001f1   Thumb Code     0  libshutdown2.o(.ARM.Collect$$libshutdown$$0000000F)
    __rt_lib_shutdown_return                 0x080001f1   Thumb Code     0  libshutdown2.o(.ARM.Collect$$libshutdown$$00000010)
    __rt_lib_shutdown_signal_1               0x080001f1   Thumb Code     0  libshutdown2.o(.ARM.Collect$$libshutdown$$0000000A)
    __rt_lib_shutdown_stdio_1                0x080001f1   Thumb Code     0  libshutdown2.o(.ARM.Collect$$libshutdown$$00000004)
    __rt_lib_shutdown_user_alloc_1           0x080001f1   Thumb Code     0  libshutdown2.o(.ARM.Collect$$libshutdown$$0000000C)
    __rt_entry                               0x080001f3   Thumb Code     0  __rtentry.o(.ARM.Collect$$rtentry$$00000000)
    __rt_entry_presh_1                       0x080001f3   Thumb Code     0  __rtentry2.o(.ARM.Collect$$rtentry$$00000002)
    __rt_entry_sh                            0x080001f3   Thumb Code     0  __rtentry4.o(.ARM.Collect$$rtentry$$00000004)
    __rt_entry_li                            0x080001f9   Thumb Code     0  __rtentry2.o(.ARM.Collect$$rtentry$$0000000A)
    __rt_entry_postsh_1                      0x080001f9   Thumb Code     0  __rtentry2.o(.ARM.Collect$$rtentry$$00000009)
    __rt_entry_main                          0x080001fd   Thumb Code     0  __rtentry2.o(.ARM.Collect$$rtentry$$0000000D)
    __rt_entry_postli_1                      0x080001fd   Thumb Code     0  __rtentry2.o(.ARM.Collect$$rtentry$$0000000C)
    __rt_exit                                0x08000205   Thumb Code     0  rtexit.o(.ARM.Collect$$rtexit$$00000000)
    __rt_exit_ls                             0x08000207   Thumb Code     0  rtexit2.o(.ARM.Collect$$rtexit$$00000003)
    __rt_exit_prels_1                        0x08000207   Thumb Code     0  rtexit2.o(.ARM.Collect$$rtexit$$00000002)
    __rt_exit_exit                           0x0800020b   Thumb Code     0  rtexit2.o(.ARM.Collect$$rtexit$$00000004)
    Reset_Handler                            0x08000211   Thumb Code     8  startup_stm32f10x_cl.o(.text)
    ADC1_2_IRQHandler                        0x0800022b   Thumb Code     0  startup_stm32f10x_cl.o(.text)
    CAN1_RX0_IRQHandler                      0x0800022b   Thumb Code     0  startup_stm32f10x_cl.o(.text)
    CAN1_RX1_IRQHandler                      0x0800022b   Thumb Code     0  startup_stm32f10x_cl.o(.text)
    CAN1_SCE_IRQHandler                      0x0800022b   Thumb Code     0  startup_stm32f10x_cl.o(.text)
    CAN1_TX_IRQHandler                       0x0800022b   Thumb Code     0  startup_stm32f10x_cl.o(.text)
    CAN2_RX0_IRQHandler                      0x0800022b   Thumb Code     0  startup_stm32f10x_cl.o(.text)
    CAN2_RX1_IRQHandler                      0x0800022b   Thumb Code     0  startup_stm32f10x_cl.o(.text)
    CAN2_SCE_IRQHandler                      0x0800022b   Thumb Code     0  startup_stm32f10x_cl.o(.text)
    CAN2_TX_IRQHandler                       0x0800022b   Thumb Code     0  startup_stm32f10x_cl.o(.text)
    DMA1_Channel1_IRQHandler                 0x0800022b   Thumb Code     0  startup_stm32f10x_cl.o(.text)
    DMA1_Channel2_IRQHandler                 0x0800022b   Thumb Code     0  startup_stm32f10x_cl.o(.text)
    DMA1_Channel3_IRQHandler                 0x0800022b   Thumb Code     0  startup_stm32f10x_cl.o(.text)
    DMA1_Channel4_IRQHandler                 0x0800022b   Thumb Code     0  startup_stm32f10x_cl.o(.text)
    DMA1_Channel5_IRQHandler                 0x0800022b   Thumb Code     0  startup_stm32f10x_cl.o(.text)
    DMA1_Channel6_IRQHandler                 0x0800022b   Thumb Code     0  startup_stm32f10x_cl.o(.text)
    DMA1_Channel7_IRQHandler                 0x0800022b   Thumb Code     0  startup_stm32f10x_cl.o(.text)
    DMA2_Channel1_IRQHandler                 0x0800022b   Thumb Code     0  startup_stm32f10x_cl.o(.text)
    DMA2_Channel2_IRQHandler                 0x0800022b   Thumb Code     0  startup_stm32f10x_cl.o(.text)
    DMA2_Channel3_IRQHandler                 0x0800022b   Thumb Code     0  startup_stm32f10x_cl.o(.text)
    DMA2_Channel4_IRQHandler                 0x0800022b   Thumb Code     0  startup_stm32f10x_cl.o(.text)
    DMA2_Channel5_IRQHandler                 0x0800022b   Thumb Code     0  startup_stm32f10x_cl.o(.text)
    ETH_IRQHandler                           0x0800022b   Thumb Code     0  startup_stm32f10x_cl.o(.text)
    ETH_WKUP_IRQHandler                      0x0800022b   Thumb Code     0  startup_stm32f10x_cl.o(.text)
    EXTI0_IRQHandler                         0x0800022b   Thumb Code     0  startup_stm32f10x_cl.o(.text)
    EXTI15_10_IRQHandler                     0x0800022b   Thumb Code     0  startup_stm32f10x_cl.o(.text)
    EXTI1_IRQHandler                         0x0800022b   Thumb Code     0  startup_stm32f10x_cl.o(.text)
    EXTI2_IRQHandler                         0x0800022b   Thumb Code     0  startup_stm32f10x_cl.o(.text)
    EXTI3_IRQHandler                         0x0800022b   Thumb Code     0  startup_stm32f10x_cl.o(.text)
    EXTI4_IRQHandler                         0x0800022b   Thumb Code     0  startup_stm32f10x_cl.o(.text)
    EXTI9_5_IRQHandler                       0x0800022b   Thumb Code     0  startup_stm32f10x_cl.o(.text)
    FLASH_IRQHandler                         0x0800022b   Thumb Code     0  startup_stm32f10x_cl.o(.text)
    I2C1_ER_IRQHandler                       0x0800022b   Thumb Code     0  startup_stm32f10x_cl.o(.text)
    I2C1_EV_IRQHandler                       0x0800022b   Thumb Code     0  startup_stm32f10x_cl.o(.text)
    I2C2_ER_IRQHandler                       0x0800022b   Thumb Code     0  startup_stm32f10x_cl.o(.text)
    I2C2_EV_IRQHandler                       0x0800022b   Thumb Code     0  startup_stm32f10x_cl.o(.text)
    OTG_FS_IRQHandler                        0x0800022b   Thumb Code     0  startup_stm32f10x_cl.o(.text)
    OTG_FS_WKUP_IRQHandler                   0x0800022b   Thumb Code     0  startup_stm32f10x_cl.o(.text)
    PVD_IRQHandler                           0x0800022b   Thumb Code     0  startup_stm32f10x_cl.o(.text)
    RCC_IRQHandler                           0x0800022b   Thumb Code     0  startup_stm32f10x_cl.o(.text)
    RTCAlarm_IRQHandler                      0x0800022b   Thumb Code     0  startup_stm32f10x_cl.o(.text)
    RTC_IRQHandler                           0x0800022b   Thumb Code     0  startup_stm32f10x_cl.o(.text)
    SPI1_IRQHandler                          0x0800022b   Thumb Code     0  startup_stm32f10x_cl.o(.text)
    SPI2_IRQHandler                          0x0800022b   Thumb Code     0  startup_stm32f10x_cl.o(.text)
    SPI3_IRQHandler                          0x0800022b   Thumb Code     0  startup_stm32f10x_cl.o(.text)
    TAMPER_IRQHandler                        0x0800022b   Thumb Code     0  startup_stm32f10x_cl.o(.text)
    TIM1_BRK_IRQHandler                      0x0800022b   Thumb Code     0  startup_stm32f10x_cl.o(.text)
    TIM1_CC_IRQHandler                       0x0800022b   Thumb Code     0  startup_stm32f10x_cl.o(.text)
    TIM1_TRG_COM_IRQHandler                  0x0800022b   Thumb Code     0  startup_stm32f10x_cl.o(.text)
    TIM1_UP_IRQHandler                       0x0800022b   Thumb Code     0  startup_stm32f10x_cl.o(.text)
    TIM2_IRQHandler                          0x0800022b   Thumb Code     0  startup_stm32f10x_cl.o(.text)
    TIM3_IRQHandler                          0x0800022b   Thumb Code     0  startup_stm32f10x_cl.o(.text)
    TIM4_IRQHandler                          0x0800022b   Thumb Code     0  startup_stm32f10x_cl.o(.text)
    TIM5_IRQHandler                          0x0800022b   Thumb Code     0  startup_stm32f10x_cl.o(.text)
    TIM6_IRQHandler                          0x0800022b   Thumb Code     0  startup_stm32f10x_cl.o(.text)
    TIM7_IRQHandler                          0x0800022b   Thumb Code     0  startup_stm32f10x_cl.o(.text)
    UART4_IRQHandler                         0x0800022b   Thumb Code     0  startup_stm32f10x_cl.o(.text)
    UART5_IRQHandler                         0x0800022b   Thumb Code     0  startup_stm32f10x_cl.o(.text)
    USART2_IRQHandler                        0x0800022b   Thumb Code     0  startup_stm32f10x_cl.o(.text)
    WWDG_IRQHandler                          0x0800022b   Thumb Code     0  startup_stm32f10x_cl.o(.text)
    __user_initial_stackheap                 0x0800022d   Thumb Code     0  startup_stm32f10x_cl.o(.text)
    __2sprintf                               0x08000251   Thumb Code    38  __2sprintf.o(.text)
    _printf_str                              0x0800027d   Thumb Code    82  _printf_str.o(.text)
    _printf_int_dec                          0x080002d1   Thumb Code   104  _printf_dec.o(.text)
    __printf                                 0x08000349   Thumb Code   388  __printf_flags_ss_wp.o(.text)
    strstr                                   0x080004d1   Thumb Code    36  strstr.o(.text)
    strlen                                   0x080004f5   Thumb Code    62  strlen.o(.text)
    __aeabi_memclr                           0x08000533   Thumb Code     0  rt_memclr.o(.text)
    __rt_memclr                              0x08000533   Thumb Code    68  rt_memclr.o(.text)
    _memset                                  0x08000537   Thumb Code     0  rt_memclr.o(.text)
    strncpy                                  0x08000577   Thumb Code    86  strncpy.o(.text)
    strcmp                                   0x080005cd   Thumb Code   128  strcmpv7m.o(.text)
    __use_two_region_memory                  0x0800064d   Thumb Code     2  heapauxi.o(.text)
    __rt_heap_escrow$2region                 0x0800064f   Thumb Code     2  heapauxi.o(.text)
    __rt_heap_expand$2region                 0x08000651   Thumb Code     2  heapauxi.o(.text)
    _printf_int_common                       0x08000653   Thumb Code   178  _printf_intcommon.o(.text)
    __lib_sel_fp_printf                      0x08000705   Thumb Code     2  _printf_fp_dec.o(.text)
    _printf_fp_dec_real                      0x080008b7   Thumb Code   620  _printf_fp_dec.o(.text)
    _printf_char_common                      0x08000b2f   Thumb Code    32  _printf_char_common.o(.text)
    _sputc                                   0x08000b55   Thumb Code    10  _sputc.o(.text)
    _printf_cs_common                        0x08000b5f   Thumb Code    20  _printf_char.o(.text)
    _printf_char                             0x08000b73   Thumb Code    16  _printf_char.o(.text)
    _printf_string                           0x08000b83   Thumb Code     8  _printf_char.o(.text)
    __aeabi_memclr4                          0x08000b8b   Thumb Code     0  rt_memclr_w.o(.text)
    __aeabi_memclr8                          0x08000b8b   Thumb Code     0  rt_memclr_w.o(.text)
    __rt_memclr_w                            0x08000b8b   Thumb Code    78  rt_memclr_w.o(.text)
    _memset_w                                0x08000b8f   Thumb Code     0  rt_memclr_w.o(.text)
    __user_libspace                          0x08000bd9   Thumb Code     8  libspace.o(.text)
    __user_perproc_libspace                  0x08000bd9   Thumb Code     0  libspace.o(.text)
    __user_perthread_libspace                0x08000bd9   Thumb Code     0  libspace.o(.text)
    __rt_locale                              0x08000be1   Thumb Code     8  rt_locale_intlibspace.o(.text)
    _ll_udiv10                               0x08000be9   Thumb Code   138  lludiv10.o(.text)
    _printf_fp_infnan                        0x08000c75   Thumb Code   112  _printf_fp_infnan.o(.text)
    _btod_etento                             0x08000cf5   Thumb Code   224  bigflt0.o(.text)
    __user_setup_stackheap                   0x08000dd9   Thumb Code    74  sys_stackheap_outer.o(.text)
    exit                                     0x08000e23   Thumb Code    18  exit.o(.text)
    _sys_exit                                0x08000e35   Thumb Code     8  sys_exit.o(.text)
    __I$use$semihosting                      0x08000e41   Thumb Code     0  use_no_semi.o(.text)
    __use_no_semihosting_swi                 0x08000e41   Thumb Code     2  use_no_semi.o(.text)
    __semihosting_library_function           0x08000e43   Thumb Code     0  indicate_semi.o(.text)
    _btod_d2e                                0x08000e43   Thumb Code    62  btod.o(CL$$btod_d2e)
    _d2e_denorm_low                          0x08000e81   Thumb Code    70  btod.o(CL$$btod_d2e_denorm_low)
    _d2e_norm_op1                            0x08000ec7   Thumb Code    96  btod.o(CL$$btod_d2e_norm_op1)
    __btod_div_common                        0x08000f27   Thumb Code   696  btod.o(CL$$btod_div_common)
    _e2e                                     0x0800125f   Thumb Code   220  btod.o(CL$$btod_e2e)
    _btod_ediv                               0x0800133b   Thumb Code    42  btod.o(CL$$btod_ediv)
    _btod_emul                               0x08001365   Thumb Code    42  btod.o(CL$$btod_emul)
    __btod_mult_common                       0x0800138f   Thumb Code   580  btod.o(CL$$btod_mult_common)
    ADC_Cmd                                  0x080015d3   Thumb Code    22  stm32f10x_adc.o(i.ADC_Cmd)
    ADC_GetCalibrationStatus                 0x080015e9   Thumb Code    20  stm32f10x_adc.o(i.ADC_GetCalibrationStatus)
    ADC_GetConversionValue                   0x080015fd   Thumb Code     8  stm32f10x_adc.o(i.ADC_GetConversionValue)
    ADC_GetFlagStatus                        0x08001605   Thumb Code    18  stm32f10x_adc.o(i.ADC_GetFlagStatus)
    ADC_GetResetCalibrationStatus            0x08001617   Thumb Code    20  stm32f10x_adc.o(i.ADC_GetResetCalibrationStatus)
    ADC_Init                                 0x0800162d   Thumb Code    70  stm32f10x_adc.o(i.ADC_Init)
    ADC_RegularChannelConfig                 0x0800167d   Thumb Code   184  stm32f10x_adc.o(i.ADC_RegularChannelConfig)
    ADC_ResetCalibration                     0x08001735   Thumb Code    10  stm32f10x_adc.o(i.ADC_ResetCalibration)
    ADC_SoftwareStartConvCmd                 0x0800173f   Thumb Code    22  stm32f10x_adc.o(i.ADC_SoftwareStartConvCmd)
    ADC_StartCalibration                     0x08001755   Thumb Code    10  stm32f10x_adc.o(i.ADC_StartCalibration)
    AD_GetValue                              0x08001761   Thumb Code    32  ad.o(i.AD_GetValue)
    AD_Init                                  0x08001785   Thumb Code   150  ad.o(i.AD_Init)
    BusFault_Handler                         0x08001825   Thumb Code     4  stm32f10x_it.o(i.BusFault_Handler)
    Config_Init                              0x0800187d   Thumb Code    52  config.o(i.Config_Init)
    Config_Save                              0x080018b5   Thumb Code    34  config.o(i.Config_Save)
    Config_SetDefault                        0x080018dd   Thumb Code    86  config.o(i.Config_SetDefault)
    DebugMon_Handler                         0x08001965   Thumb Code     2  stm32f10x_it.o(i.DebugMon_Handler)
    Delay_ms                                 0x08001967   Thumb Code    24  delay.o(i.Delay_ms)
    Delay_us                                 0x0800197f   Thumb Code    46  delay.o(i.Delay_us)
    ESP8266_ConnectServer                    0x080019ad   Thumb Code    36  esp8266_driver.o(i.ESP8266_ConnectServer)
    ESP8266_ConnectWiFi                      0x080019f5   Thumb Code    74  esp8266_driver.o(i.ESP8266_ConnectWiFi)
    ESP8266_SendCmd                          0x08001a89   Thumb Code    28  esp8266_driver.o(i.ESP8266_SendCmd)
    ESP8266_SendData                         0x08001aa5   Thumb Code    70  esp8266_driver.o(i.ESP8266_SendData)
    GPIO_Init                                0x08001b05   Thumb Code   278  stm32f10x_gpio.o(i.GPIO_Init)
    GPIO_ReadInputDataBit                    0x08001c1b   Thumb Code    18  stm32f10x_gpio.o(i.GPIO_ReadInputDataBit)
    GPIO_WriteBit                            0x08001c2d   Thumb Code    10  stm32f10x_gpio.o(i.GPIO_WriteBit)
    HardFault_Handler                        0x08001c37   Thumb Code     4  stm32f10x_it.o(i.HardFault_Handler)
    LightSensor_Get                          0x08001c3d   Thumb Code    12  lightsensor.o(i.LightSensor_Get)
    LightSensor_Init                         0x08001c4d   Thumb Code    38  lightsensor.o(i.LightSensor_Init)
    MemManage_Handler                        0x08001c79   Thumb Code     4  stm32f10x_it.o(i.MemManage_Handler)
    MySPI_Init                               0x08001c7d   Thumb Code   174  myspi.o(i.MySPI_Init)
    MySPI_Start                              0x08001d35   Thumb Code    10  myspi.o(i.MySPI_Start)
    MySPI_Stop                               0x08001d3f   Thumb Code    10  myspi.o(i.MySPI_Stop)
    MySPI_SwapByte                           0x08001d49   Thumb Code    50  myspi.o(i.MySPI_SwapByte)
    MySPI_W_SS                               0x08001d81   Thumb Code    16  myspi.o(i.MySPI_W_SS)
    NMI_Handler                              0x08001d95   Thumb Code     2  stm32f10x_it.o(i.NMI_Handler)
    NVIC_Init                                0x08001d99   Thumb Code   100  misc.o(i.NVIC_Init)
    NVIC_PriorityGroupConfig                 0x08001e09   Thumb Code    10  misc.o(i.NVIC_PriorityGroupConfig)
    OLED_Clear                               0x08001e1d   Thumb Code    42  oled.o(i.OLED_Clear)
    OLED_I2C_Init                            0x08001e49   Thumb Code    76  oled.o(i.OLED_I2C_Init)
    OLED_I2C_SendByte                        0x08001e99   Thumb Code    88  oled.o(i.OLED_I2C_SendByte)
    OLED_I2C_Start                           0x08001ef5   Thumb Code    48  oled.o(i.OLED_I2C_Start)
    OLED_I2C_Stop                            0x08001f29   Thumb Code    36  oled.o(i.OLED_I2C_Stop)
    OLED_Init                                0x08001f51   Thumb Code   174  oled.o(i.OLED_Init)
    OLED_Pow                                 0x08001fff   Thumb Code    20  oled.o(i.OLED_Pow)
    OLED_SetCursor                           0x08002013   Thumb Code    34  oled.o(i.OLED_SetCursor)
    OLED_ShowChar                            0x08002035   Thumb Code   110  oled.o(i.OLED_ShowChar)
    OLED_ShowNum                             0x080020a9   Thumb Code    68  oled.o(i.OLED_ShowNum)
    OLED_ShowString                          0x080020ed   Thumb Code    40  oled.o(i.OLED_ShowString)
    OLED_WriteCommand                        0x08002115   Thumb Code    32  oled.o(i.OLED_WriteCommand)
    OLED_WriteData                           0x08002135   Thumb Code    32  oled.o(i.OLED_WriteData)
    PendSV_Handler                           0x08002155   Thumb Code     2  stm32f10x_it.o(i.PendSV_Handler)
    RCC_ADCCLKConfig                         0x08002159   Thumb Code    18  stm32f10x_rcc.o(i.RCC_ADCCLKConfig)
    RCC_APB1PeriphClockCmd                   0x08002171   Thumb Code    26  stm32f10x_rcc.o(i.RCC_APB1PeriphClockCmd)
    RCC_APB2PeriphClockCmd                   0x08002191   Thumb Code    26  stm32f10x_rcc.o(i.RCC_APB2PeriphClockCmd)
    RCC_GetClocksFreq                        0x080021b1   Thumb Code   192  stm32f10x_rcc.o(i.RCC_GetClocksFreq)
    SPI_Cmd                                  0x08002285   Thumb Code    24  stm32f10x_spi.o(i.SPI_Cmd)
    SPI_I2S_GetFlagStatus                    0x0800229d   Thumb Code    18  stm32f10x_spi.o(i.SPI_I2S_GetFlagStatus)
    SPI_I2S_ReceiveData                      0x080022af   Thumb Code     6  stm32f10x_spi.o(i.SPI_I2S_ReceiveData)
    SPI_I2S_SendData                         0x080022b5   Thumb Code     4  stm32f10x_spi.o(i.SPI_I2S_SendData)
    SPI_Init                                 0x080022b9   Thumb Code    60  stm32f10x_spi.o(i.SPI_Init)
    SVC_Handler                              0x080022f5   Thumb Code     2  stm32f10x_it.o(i.SVC_Handler)
    Serial3_Init                             0x080022f9   Thumb Code   178  serial3.o(i.Serial3_Init)
    Serial_Available                         0x080023b5   Thumb Code    20  serial.o(i.Serial_Available)
    Serial_GetByte                           0x080023d1   Thumb Code    50  serial.o(i.Serial_GetByte)
    Serial_Init                              0x08002411   Thumb Code   174  serial.o(i.Serial_Init)
    Serial_SendByte                          0x080024c9   Thumb Code    28  serial.o(i.Serial_SendByte)
    Serial_SendString                        0x080024e9   Thumb Code    26  serial.o(i.Serial_SendString)
    SysTick_Handler                          0x080025ed   Thumb Code     2  stm32f10x_it.o(i.SysTick_Handler)
    SystemInit                               0x080025f1   Thumb Code    78  system_stm32f10x.o(i.SystemInit)
    USART1_IRQHandler                        0x08002651   Thumb Code   104  serial.o(i.USART1_IRQHandler)
    USART3_IRQHandler                        0x080026c9   Thumb Code    44  serial3.o(i.USART3_IRQHandler)
    USART_ClearFlag                          0x08002701   Thumb Code    18  stm32f10x_usart.o(i.USART_ClearFlag)
    USART_ClearITPendingBit                  0x08002713   Thumb Code    30  stm32f10x_usart.o(i.USART_ClearITPendingBit)
    USART_Cmd                                0x08002731   Thumb Code    24  stm32f10x_usart.o(i.USART_Cmd)
    USART_GetFlagStatus                      0x08002749   Thumb Code    26  stm32f10x_usart.o(i.USART_GetFlagStatus)
    USART_GetITStatus                        0x08002763   Thumb Code    84  stm32f10x_usart.o(i.USART_GetITStatus)
    USART_ITConfig                           0x080027b7   Thumb Code    74  stm32f10x_usart.o(i.USART_ITConfig)
    USART_Init                               0x08002801   Thumb Code   210  stm32f10x_usart.o(i.USART_Init)
    USART_ReceiveData                        0x080028d9   Thumb Code    10  stm32f10x_usart.o(i.USART_ReceiveData)
    USART_SendData                           0x080028e3   Thumb Code     8  stm32f10x_usart.o(i.USART_SendData)
    UsageFault_Handler                       0x080028eb   Thumb Code     4  stm32f10x_it.o(i.UsageFault_Handler)
    W25Q64_Init                              0x080028ef   Thumb Code     8  w25q64.o(i.W25Q64_Init)
    W25Q64_PageProgram                       0x080028f7   Thumb Code    76  w25q64.o(i.W25Q64_PageProgram)
    W25Q64_ReadData                          0x08002943   Thumb Code    68  w25q64.o(i.W25Q64_ReadData)
    W25Q64_SectorErase                       0x08002987   Thumb Code    50  w25q64.o(i.W25Q64_SectorErase)
    W25Q64_WaitBusy                          0x080029b9   Thumb Code    44  w25q64.o(i.W25Q64_WaitBusy)
    W25Q64_WriteEnable                       0x080029e9   Thumb Code    18  w25q64.o(i.W25Q64_WriteEnable)
    __ARM_fpclassify                         0x08002a65   Thumb Code    40  fpclassify.o(i.__ARM_fpclassify)
    _is_digit                                0x08002a8d   Thumb Code    14  __printf_wp.o(i._is_digit)
    main                                     0x08002a9d   Thumb Code   510  main.o(i.main)
    _get_lc_numeric                          0x08002d3d   Thumb Code    44  lc_numeric_c.o(locale$$code)
    __aeabi_d2f                              0x08002d69   Thumb Code     0  d2f.o(x$fpl$d2f)
    _d2f                                     0x08002d69   Thumb Code    98  d2f.o(x$fpl$d2f)
    __aeabi_dadd                             0x08002dcd   Thumb Code     0  daddsub_clz.o(x$fpl$dadd)
    _dadd                                    0x08002dcd   Thumb Code   332  daddsub_clz.o(x$fpl$dadd)
    __aeabi_dmul                             0x08002f1d   Thumb Code     0  dmul.o(x$fpl$dmul)
    _dmul                                    0x08002f1d   Thumb Code   332  dmul.o(x$fpl$dmul)
    __fpl_dnaninf                            0x08003071   Thumb Code   156  dnaninf.o(x$fpl$dnaninf)
    __fpl_dretinf                            0x0800310d   Thumb Code    12  dretinf.o(x$fpl$dretinf)
    __aeabi_dsub                             0x08003119   Thumb Code     0  daddsub_clz.o(x$fpl$dsub)
    _dsub                                    0x08003119   Thumb Code   464  daddsub_clz.o(x$fpl$dsub)
    __aeabi_f2d                              0x080032ed   Thumb Code     0  f2d.o(x$fpl$f2d)
    _f2d                                     0x080032ed   Thumb Code    86  f2d.o(x$fpl$f2d)
    __aeabi_fdiv                             0x08003345   Thumb Code     0  fdiv.o(x$fpl$fdiv)
    _fdiv                                    0x08003345   Thumb Code   384  fdiv.o(x$fpl$fdiv)
    __aeabi_f2uiz                            0x080034c9   Thumb Code     0  ffixu.o(x$fpl$ffixu)
    _ffixu                                   0x080034c9   Thumb Code    62  ffixu.o(x$fpl$ffixu)
    __aeabi_ui2f                             0x08003509   Thumb Code     0  fflt_clz.o(x$fpl$ffltu)
    _ffltu                                   0x08003509   Thumb Code    38  fflt_clz.o(x$fpl$ffltu)
    __aeabi_fmul                             0x08003531   Thumb Code     0  fmul.o(x$fpl$fmul)
    _fmul                                    0x08003531   Thumb Code   258  fmul.o(x$fpl$fmul)
    __fpl_fnaninf                            0x08003633   Thumb Code   140  fnaninf.o(x$fpl$fnaninf)
    __fpl_fretinf                            0x080036bf   Thumb Code    10  fretinf.o(x$fpl$fretinf)
    _printf_fp_dec                           0x080036c9   Thumb Code     4  printf1.o(x$fpl$printf1)
    OLED_F8x16                               0x080036cc   Data        1520  oled.o(.constdata)
    __I$use$fp                               0x080036cc   Number         0  usenofp.o(x$fpl$usenofp)
    Region$$Table$$Base                      0x08003d64   Number         0  anon$$obj.o(Region$$Table)
    Region$$Table$$Limit                     0x08003d84   Number         0  anon$$obj.o(Region$$Table)
    Serial_RxData                            0x20000014   Data           1  serial.o(.data)
    Serial_RxFlag                            0x20000015   Data           1  serial.o(.data)
    Serial3_RxData                           0x2000001c   Data           1  serial3.o(.data)
    Serial3_RxFlag                           0x2000001d   Data           1  serial3.o(.data)
    ADValue                                  0x20000020   Data           2  main.o(.data)
    Temperature                              0x20000024   Data           4  main.o(.data)
    config                                   0x200001a8   Data         139  config.o(.bss)
    Data                                     0x20000233   Data          32  main.o(.bss)
    __libspace_start                         0x20000254   Data          96  libspace.o(.bss)
    __temporary_stack_top$libspace           0x200002b4   Data           0  libspace.o(.bss)



==============================================================================

Memory Map of the image

  Image Entry point : 0x08000151

  Load Region LR_IROM1 (Base: 0x08000000, Size: 0x00003dc8, Max: 0x00010000, ABSOLUTE)

    Execution Region ER_IROM1 (Exec base: 0x08000000, Load base: 0x08000000, Size: 0x00003da0, Max: 0x00010000, ABSOLUTE)

    Exec Addr    Load Addr    Size         Type   Attr      Idx    E Section Name        Object

    0x08000000   0x08000000   0x00000150   Data   RO           19    RESET               startup_stm32f10x_cl.o
    0x08000150   0x08000150   0x00000008   Code   RO         4009  * !!!main             c_w.l(__main.o)
    0x08000158   0x08000158   0x00000034   Code   RO         4349    !!!scatter          c_w.l(__scatter.o)
    0x0800018c   0x0800018c   0x0000001a   Code   RO         4351    !!handler_copy      c_w.l(__scatter_copy.o)
    0x080001a6   0x080001a6   0x00000002   PAD
    0x080001a8   0x080001a8   0x0000001c   Code   RO         4353    !!handler_zi        c_w.l(__scatter_zi.o)
    0x080001c4   0x080001c4   0x00000000   Code   RO         3986    .ARM.Collect$$_printf_percent$$00000000  c_w.l(_printf_percent.o)
    0x080001c4   0x080001c4   0x00000006   Code   RO         3985    .ARM.Collect$$_printf_percent$$00000003  c_w.l(_printf_f.o)
    0x080001ca   0x080001ca   0x00000006   Code   RO         3984    .ARM.Collect$$_printf_percent$$00000009  c_w.l(_printf_d.o)
    0x080001d0   0x080001d0   0x00000006   Code   RO         3983    .ARM.Collect$$_printf_percent$$00000014  c_w.l(_printf_s.o)
    0x080001d6   0x080001d6   0x00000004   Code   RO         4105    .ARM.Collect$$_printf_percent$$00000017  c_w.l(_printf_percent_end.o)
    0x080001da   0x080001da   0x00000002   Code   RO         4222    .ARM.Collect$$libinit$$00000000  c_w.l(libinit.o)
    0x080001dc   0x080001dc   0x00000000   Code   RO         4224    .ARM.Collect$$libinit$$00000002  c_w.l(libinit2.o)
    0x080001dc   0x080001dc   0x00000000   Code   RO         4226    .ARM.Collect$$libinit$$00000004  c_w.l(libinit2.o)
    0x080001dc   0x080001dc   0x00000000   Code   RO         4229    .ARM.Collect$$libinit$$0000000A  c_w.l(libinit2.o)
    0x080001dc   0x080001dc   0x00000000   Code   RO         4231    .ARM.Collect$$libinit$$0000000C  c_w.l(libinit2.o)
    0x080001dc   0x080001dc   0x00000000   Code   RO         4233    .ARM.Collect$$libinit$$0000000E  c_w.l(libinit2.o)
    0x080001dc   0x080001dc   0x00000006   Code   RO         4234    .ARM.Collect$$libinit$$0000000F  c_w.l(libinit2.o)
    0x080001e2   0x080001e2   0x00000000   Code   RO         4236    .ARM.Collect$$libinit$$00000011  c_w.l(libinit2.o)
    0x080001e2   0x080001e2   0x00000000   Code   RO         4238    .ARM.Collect$$libinit$$00000013  c_w.l(libinit2.o)
    0x080001e2   0x080001e2   0x00000000   Code   RO         4240    .ARM.Collect$$libinit$$00000015  c_w.l(libinit2.o)
    0x080001e2   0x080001e2   0x0000000a   Code   RO         4241    .ARM.Collect$$libinit$$00000016  c_w.l(libinit2.o)
    0x080001ec   0x080001ec   0x00000000   Code   RO         4242    .ARM.Collect$$libinit$$00000017  c_w.l(libinit2.o)
    0x080001ec   0x080001ec   0x00000000   Code   RO         4244    .ARM.Collect$$libinit$$00000019  c_w.l(libinit2.o)
    0x080001ec   0x080001ec   0x00000000   Code   RO         4246    .ARM.Collect$$libinit$$0000001B  c_w.l(libinit2.o)
    0x080001ec   0x080001ec   0x00000000   Code   RO         4248    .ARM.Collect$$libinit$$0000001D  c_w.l(libinit2.o)
    0x080001ec   0x080001ec   0x00000000   Code   RO         4250    .ARM.Collect$$libinit$$0000001F  c_w.l(libinit2.o)
    0x080001ec   0x080001ec   0x00000000   Code   RO         4252    .ARM.Collect$$libinit$$00000021  c_w.l(libinit2.o)
    0x080001ec   0x080001ec   0x00000000   Code   RO         4254    .ARM.Collect$$libinit$$00000023  c_w.l(libinit2.o)
    0x080001ec   0x080001ec   0x00000000   Code   RO         4256    .ARM.Collect$$libinit$$00000025  c_w.l(libinit2.o)
    0x080001ec   0x080001ec   0x00000000   Code   RO         4260    .ARM.Collect$$libinit$$0000002C  c_w.l(libinit2.o)
    0x080001ec   0x080001ec   0x00000000   Code   RO         4262    .ARM.Collect$$libinit$$0000002E  c_w.l(libinit2.o)
    0x080001ec   0x080001ec   0x00000000   Code   RO         4264    .ARM.Collect$$libinit$$00000030  c_w.l(libinit2.o)
    0x080001ec   0x080001ec   0x00000000   Code   RO         4266    .ARM.Collect$$libinit$$00000032  c_w.l(libinit2.o)
    0x080001ec   0x080001ec   0x00000002   Code   RO         4267    .ARM.Collect$$libinit$$00000033  c_w.l(libinit2.o)
    0x080001ee   0x080001ee   0x00000002   Code   RO         4297    .ARM.Collect$$libshutdown$$00000000  c_w.l(libshutdown.o)
    0x080001f0   0x080001f0   0x00000000   Code   RO         4308    .ARM.Collect$$libshutdown$$00000002  c_w.l(libshutdown2.o)
    0x080001f0   0x080001f0   0x00000000   Code   RO         4310    .ARM.Collect$$libshutdown$$00000004  c_w.l(libshutdown2.o)
    0x080001f0   0x080001f0   0x00000000   Code   RO         4313    .ARM.Collect$$libshutdown$$00000007  c_w.l(libshutdown2.o)
    0x080001f0   0x080001f0   0x00000000   Code   RO         4316    .ARM.Collect$$libshutdown$$0000000A  c_w.l(libshutdown2.o)
    0x080001f0   0x080001f0   0x00000000   Code   RO         4318    .ARM.Collect$$libshutdown$$0000000C  c_w.l(libshutdown2.o)
    0x080001f0   0x080001f0   0x00000000   Code   RO         4321    .ARM.Collect$$libshutdown$$0000000F  c_w.l(libshutdown2.o)
    0x080001f0   0x080001f0   0x00000002   Code   RO         4322    .ARM.Collect$$libshutdown$$00000010  c_w.l(libshutdown2.o)
    0x080001f2   0x080001f2   0x00000000   Code   RO         4041    .ARM.Collect$$rtentry$$00000000  c_w.l(__rtentry.o)
    0x080001f2   0x080001f2   0x00000000   Code   RO         4140    .ARM.Collect$$rtentry$$00000002  c_w.l(__rtentry2.o)
    0x080001f2   0x080001f2   0x00000006   Code   RO         4152    .ARM.Collect$$rtentry$$00000004  c_w.l(__rtentry4.o)
    0x080001f8   0x080001f8   0x00000000   Code   RO         4142    .ARM.Collect$$rtentry$$00000009  c_w.l(__rtentry2.o)
    0x080001f8   0x080001f8   0x00000004   Code   RO         4143    .ARM.Collect$$rtentry$$0000000A  c_w.l(__rtentry2.o)
    0x080001fc   0x080001fc   0x00000000   Code   RO         4145    .ARM.Collect$$rtentry$$0000000C  c_w.l(__rtentry2.o)
    0x080001fc   0x080001fc   0x00000008   Code   RO         4146    .ARM.Collect$$rtentry$$0000000D  c_w.l(__rtentry2.o)
    0x08000204   0x08000204   0x00000002   Code   RO         4268    .ARM.Collect$$rtexit$$00000000  c_w.l(rtexit.o)
    0x08000206   0x08000206   0x00000000   Code   RO         4275    .ARM.Collect$$rtexit$$00000002  c_w.l(rtexit2.o)
    0x08000206   0x08000206   0x00000004   Code   RO         4276    .ARM.Collect$$rtexit$$00000003  c_w.l(rtexit2.o)
    0x0800020a   0x0800020a   0x00000006   Code   RO         4277    .ARM.Collect$$rtexit$$00000004  c_w.l(rtexit2.o)
    0x08000210   0x08000210   0x00000040   Code   RO           20    .text               startup_stm32f10x_cl.o
    0x08000250   0x08000250   0x0000002c   Code   RO         3953    .text               c_w.l(__2sprintf.o)
    0x0800027c   0x0800027c   0x00000052   Code   RO         3959    .text               c_w.l(_printf_str.o)
    0x080002ce   0x080002ce   0x00000002   PAD
    0x080002d0   0x080002d0   0x00000078   Code   RO         3961    .text               c_w.l(_printf_dec.o)
    0x08000348   0x08000348   0x00000188   Code   RO         3980    .text               c_w.l(__printf_flags_ss_wp.o)
    0x080004d0   0x080004d0   0x00000024   Code   RO         3993    .text               c_w.l(strstr.o)
    0x080004f4   0x080004f4   0x0000003e   Code   RO         3995    .text               c_w.l(strlen.o)
    0x08000532   0x08000532   0x00000044   Code   RO         4001    .text               c_w.l(rt_memclr.o)
    0x08000576   0x08000576   0x00000056   Code   RO         4003    .text               c_w.l(strncpy.o)
    0x080005cc   0x080005cc   0x00000080   Code   RO         4005    .text               c_w.l(strcmpv7m.o)
    0x0800064c   0x0800064c   0x00000006   Code   RO         4007    .text               c_w.l(heapauxi.o)
    0x08000652   0x08000652   0x000000b2   Code   RO         4051    .text               c_w.l(_printf_intcommon.o)
    0x08000704   0x08000704   0x0000041e   Code   RO         4055    .text               c_w.l(_printf_fp_dec.o)
    0x08000b22   0x08000b22   0x00000002   PAD
    0x08000b24   0x08000b24   0x00000030   Code   RO         4057    .text               c_w.l(_printf_char_common.o)
    0x08000b54   0x08000b54   0x0000000a   Code   RO         4059    .text               c_w.l(_sputc.o)
    0x08000b5e   0x08000b5e   0x0000002c   Code   RO         4061    .text               c_w.l(_printf_char.o)
    0x08000b8a   0x08000b8a   0x0000004e   Code   RO         4119    .text               c_w.l(rt_memclr_w.o)
    0x08000bd8   0x08000bd8   0x00000008   Code   RO         4136    .text               c_w.l(libspace.o)
    0x08000be0   0x08000be0   0x00000008   Code   RO         4159    .text               c_w.l(rt_locale_intlibspace.o)
    0x08000be8   0x08000be8   0x0000008a   Code   RO         4161    .text               c_w.l(lludiv10.o)
    0x08000c72   0x08000c72   0x00000002   PAD
    0x08000c74   0x08000c74   0x00000080   Code   RO         4166    .text               c_w.l(_printf_fp_infnan.o)
    0x08000cf4   0x08000cf4   0x000000e4   Code   RO         4174    .text               c_w.l(bigflt0.o)
    0x08000dd8   0x08000dd8   0x0000004a   Code   RO         4208    .text               c_w.l(sys_stackheap_outer.o)
    0x08000e22   0x08000e22   0x00000012   Code   RO         4215    .text               c_w.l(exit.o)
    0x08000e34   0x08000e34   0x0000000c   Code   RO         4287    .text               c_w.l(sys_exit.o)
    0x08000e40   0x08000e40   0x00000002   Code   RO         4298    .text               c_w.l(use_no_semi.o)
    0x08000e42   0x08000e42   0x00000000   Code   RO         4300    .text               c_w.l(indicate_semi.o)
    0x08000e42   0x08000e42   0x0000003e   Code   RO         4177    CL$$btod_d2e        c_w.l(btod.o)
    0x08000e80   0x08000e80   0x00000046   Code   RO         4179    CL$$btod_d2e_denorm_low  c_w.l(btod.o)
    0x08000ec6   0x08000ec6   0x00000060   Code   RO         4178    CL$$btod_d2e_norm_op1  c_w.l(btod.o)
    0x08000f26   0x08000f26   0x00000338   Code   RO         4187    CL$$btod_div_common  c_w.l(btod.o)
    0x0800125e   0x0800125e   0x000000dc   Code   RO         4184    CL$$btod_e2e        c_w.l(btod.o)
    0x0800133a   0x0800133a   0x0000002a   Code   RO         4181    CL$$btod_ediv       c_w.l(btod.o)
    0x08001364   0x08001364   0x0000002a   Code   RO         4180    CL$$btod_emul       c_w.l(btod.o)
    0x0800138e   0x0800138e   0x00000244   Code   RO         4186    CL$$btod_mult_common  c_w.l(btod.o)
    0x080015d2   0x080015d2   0x00000016   Code   RO          202    i.ADC_Cmd           stm32f10x_adc.o
    0x080015e8   0x080015e8   0x00000014   Code   RO          210    i.ADC_GetCalibrationStatus  stm32f10x_adc.o
    0x080015fc   0x080015fc   0x00000008   Code   RO          211    i.ADC_GetConversionValue  stm32f10x_adc.o
    0x08001604   0x08001604   0x00000012   Code   RO          213    i.ADC_GetFlagStatus  stm32f10x_adc.o
    0x08001616   0x08001616   0x00000014   Code   RO          216    i.ADC_GetResetCalibrationStatus  stm32f10x_adc.o
    0x0800162a   0x0800162a   0x00000002   PAD
    0x0800162c   0x0800162c   0x00000050   Code   RO          220    i.ADC_Init          stm32f10x_adc.o
    0x0800167c   0x0800167c   0x000000b8   Code   RO          224    i.ADC_RegularChannelConfig  stm32f10x_adc.o
    0x08001734   0x08001734   0x0000000a   Code   RO          225    i.ADC_ResetCalibration  stm32f10x_adc.o
    0x0800173e   0x0800173e   0x00000016   Code   RO          227    i.ADC_SoftwareStartConvCmd  stm32f10x_adc.o
    0x08001754   0x08001754   0x0000000a   Code   RO          229    i.ADC_StartCalibration  stm32f10x_adc.o
    0x0800175e   0x0800175e   0x00000002   PAD
    0x08001760   0x08001760   0x00000024   Code   RO         3391    i.AD_GetValue       ad.o
    0x08001784   0x08001784   0x000000a0   Code   RO         3392    i.AD_Init           ad.o
    0x08001824   0x08001824   0x00000004   Code   RO         3868    i.BusFault_Handler  stm32f10x_it.o
    0x08001828   0x08001828   0x00000038   Code   RO         3689    i.CRC8              config.o
    0x08001860   0x08001860   0x0000001c   Code   RO         3504    i.ClearRxBuffer     esp8266_driver.o
    0x0800187c   0x0800187c   0x00000038   Code   RO         3690    i.Config_Init       config.o
    0x080018b4   0x080018b4   0x00000028   Code   RO         3691    i.Config_Save       config.o
    0x080018dc   0x080018dc   0x00000088   Code   RO         3692    i.Config_SetDefault  config.o
    0x08001964   0x08001964   0x00000002   Code   RO         3869    i.DebugMon_Handler  stm32f10x_it.o
    0x08001966   0x08001966   0x00000018   Code   RO         3790    i.Delay_ms          delay.o
    0x0800197e   0x0800197e   0x0000002e   Code   RO         3792    i.Delay_us          delay.o
    0x080019ac   0x080019ac   0x00000048   Code   RO         3506    i.ESP8266_ConnectServer  esp8266_driver.o
    0x080019f4   0x080019f4   0x00000094   Code   RO         3507    i.ESP8266_ConnectWiFi  esp8266_driver.o
    0x08001a88   0x08001a88   0x0000001c   Code   RO         3513    i.ESP8266_SendCmd   esp8266_driver.o
    0x08001aa4   0x08001aa4   0x00000060   Code   RO         3514    i.ESP8266_SendData  esp8266_driver.o
    0x08001b04   0x08001b04   0x00000116   Code   RO         1347    i.GPIO_Init         stm32f10x_gpio.o
    0x08001c1a   0x08001c1a   0x00000012   Code   RO         1351    i.GPIO_ReadInputDataBit  stm32f10x_gpio.o
    0x08001c2c   0x08001c2c   0x0000000a   Code   RO         1358    i.GPIO_WriteBit     stm32f10x_gpio.o
    0x08001c36   0x08001c36   0x00000004   Code   RO         3870    i.HardFault_Handler  stm32f10x_it.o
    0x08001c3a   0x08001c3a   0x00000002   PAD
    0x08001c3c   0x08001c3c   0x00000010   Code   RO         3373    i.LightSensor_Get   lightsensor.o
    0x08001c4c   0x08001c4c   0x0000002c   Code   RO         3374    i.LightSensor_Init  lightsensor.o
    0x08001c78   0x08001c78   0x00000004   Code   RO         3871    i.MemManage_Handler  stm32f10x_it.o
    0x08001c7c   0x08001c7c   0x000000b8   Code   RO         3599    i.MySPI_Init        myspi.o
    0x08001d34   0x08001d34   0x0000000a   Code   RO         3600    i.MySPI_Start       myspi.o
    0x08001d3e   0x08001d3e   0x0000000a   Code   RO         3601    i.MySPI_Stop        myspi.o
    0x08001d48   0x08001d48   0x00000038   Code   RO         3602    i.MySPI_SwapByte    myspi.o
    0x08001d80   0x08001d80   0x00000014   Code   RO         3603    i.MySPI_W_SS        myspi.o
    0x08001d94   0x08001d94   0x00000002   Code   RO         3872    i.NMI_Handler       stm32f10x_it.o
    0x08001d96   0x08001d96   0x00000002   PAD
    0x08001d98   0x08001d98   0x00000070   Code   RO          137    i.NVIC_Init         misc.o
    0x08001e08   0x08001e08   0x00000014   Code   RO          138    i.NVIC_PriorityGroupConfig  misc.o
    0x08001e1c   0x08001e1c   0x0000002a   Code   RO         3265    i.OLED_Clear        oled.o
    0x08001e46   0x08001e46   0x00000002   PAD
    0x08001e48   0x08001e48   0x00000050   Code   RO         3266    i.OLED_I2C_Init     oled.o
    0x08001e98   0x08001e98   0x0000005c   Code   RO         3267    i.OLED_I2C_SendByte  oled.o
    0x08001ef4   0x08001ef4   0x00000034   Code   RO         3268    i.OLED_I2C_Start    oled.o
    0x08001f28   0x08001f28   0x00000028   Code   RO         3269    i.OLED_I2C_Stop     oled.o
    0x08001f50   0x08001f50   0x000000ae   Code   RO         3270    i.OLED_Init         oled.o
    0x08001ffe   0x08001ffe   0x00000014   Code   RO         3271    i.OLED_Pow          oled.o
    0x08002012   0x08002012   0x00000022   Code   RO         3272    i.OLED_SetCursor    oled.o
    0x08002034   0x08002034   0x00000074   Code   RO         3274    i.OLED_ShowChar     oled.o
    0x080020a8   0x080020a8   0x00000044   Code   RO         3276    i.OLED_ShowNum      oled.o
    0x080020ec   0x080020ec   0x00000028   Code   RO         3278    i.OLED_ShowString   oled.o
    0x08002114   0x08002114   0x00000020   Code   RO         3279    i.OLED_WriteCommand  oled.o
    0x08002134   0x08002134   0x00000020   Code   RO         3280    i.OLED_WriteData    oled.o
    0x08002154   0x08002154   0x00000002   Code   RO         3873    i.PendSV_Handler    stm32f10x_it.o
    0x08002156   0x08002156   0x00000002   PAD
    0x08002158   0x08002158   0x00000018   Code   RO         1773    i.RCC_ADCCLKConfig  stm32f10x_rcc.o
    0x08002170   0x08002170   0x00000020   Code   RO         1775    i.RCC_APB1PeriphClockCmd  stm32f10x_rcc.o
    0x08002190   0x08002190   0x00000020   Code   RO         1777    i.RCC_APB2PeriphClockCmd  stm32f10x_rcc.o
    0x080021b0   0x080021b0   0x000000d4   Code   RO         1785    i.RCC_GetClocksFreq  stm32f10x_rcc.o
    0x08002284   0x08002284   0x00000018   Code   RO         2263    i.SPI_Cmd           stm32f10x_spi.o
    0x0800229c   0x0800229c   0x00000012   Code   RO         2271    i.SPI_I2S_GetFlagStatus  stm32f10x_spi.o
    0x080022ae   0x080022ae   0x00000006   Code   RO         2274    i.SPI_I2S_ReceiveData  stm32f10x_spi.o
    0x080022b4   0x080022b4   0x00000004   Code   RO         2275    i.SPI_I2S_SendData  stm32f10x_spi.o
    0x080022b8   0x080022b8   0x0000003c   Code   RO         2276    i.SPI_Init          stm32f10x_spi.o
    0x080022f4   0x080022f4   0x00000002   Code   RO         3874    i.SVC_Handler       stm32f10x_it.o
    0x080022f6   0x080022f6   0x00000002   PAD
    0x080022f8   0x080022f8   0x000000bc   Code   RO         3732    i.Serial3_Init      serial3.o
    0x080023b4   0x080023b4   0x0000001c   Code   RO         3409    i.Serial_Available  serial.o
    0x080023d0   0x080023d0   0x00000040   Code   RO         3410    i.Serial_GetByte    serial.o
    0x08002410   0x08002410   0x000000b8   Code   RO         3413    i.Serial_Init       serial.o
    0x080024c8   0x080024c8   0x00000020   Code   RO         3417    i.Serial_SendByte   serial.o
    0x080024e8   0x080024e8   0x0000001a   Code   RO         3419    i.Serial_SendString  serial.o
    0x08002502   0x08002502   0x00000008   Code   RO           24    i.SetSysClock       system_stm32f10x.o
    0x0800250a   0x0800250a   0x00000002   PAD
    0x0800250c   0x0800250c   0x000000e0   Code   RO           25    i.SetSysClockTo72   system_stm32f10x.o
    0x080025ec   0x080025ec   0x00000002   Code   RO         3875    i.SysTick_Handler   stm32f10x_it.o
    0x080025ee   0x080025ee   0x00000002   PAD
    0x080025f0   0x080025f0   0x00000060   Code   RO           27    i.SystemInit        system_stm32f10x.o
    0x08002650   0x08002650   0x00000078   Code   RO         3420    i.USART1_IRQHandler  serial.o
    0x080026c8   0x080026c8   0x00000038   Code   RO         3737    i.USART3_IRQHandler  serial3.o
    0x08002700   0x08002700   0x00000012   Code   RO         2956    i.USART_ClearFlag   stm32f10x_usart.o
    0x08002712   0x08002712   0x0000001e   Code   RO         2957    i.USART_ClearITPendingBit  stm32f10x_usart.o
    0x08002730   0x08002730   0x00000018   Code   RO         2960    i.USART_Cmd         stm32f10x_usart.o
    0x08002748   0x08002748   0x0000001a   Code   RO         2963    i.USART_GetFlagStatus  stm32f10x_usart.o
    0x08002762   0x08002762   0x00000054   Code   RO         2964    i.USART_GetITStatus  stm32f10x_usart.o
    0x080027b6   0x080027b6   0x0000004a   Code   RO         2966    i.USART_ITConfig    stm32f10x_usart.o
    0x08002800   0x08002800   0x000000d8   Code   RO         2967    i.USART_Init        stm32f10x_usart.o
    0x080028d8   0x080028d8   0x0000000a   Code   RO         2974    i.USART_ReceiveData  stm32f10x_usart.o
    0x080028e2   0x080028e2   0x00000008   Code   RO         2977    i.USART_SendData    stm32f10x_usart.o
    0x080028ea   0x080028ea   0x00000004   Code   RO         3876    i.UsageFault_Handler  stm32f10x_it.o
    0x080028ee   0x080028ee   0x00000008   Code   RO         3635    i.W25Q64_Init       w25q64.o
    0x080028f6   0x080028f6   0x0000004c   Code   RO         3636    i.W25Q64_PageProgram  w25q64.o
    0x08002942   0x08002942   0x00000044   Code   RO         3637    i.W25Q64_ReadData   w25q64.o
    0x08002986   0x08002986   0x00000032   Code   RO         3639    i.W25Q64_SectorErase  w25q64.o
    0x080029b8   0x080029b8   0x00000030   Code   RO         3640    i.W25Q64_WaitBusy   w25q64.o
    0x080029e8   0x080029e8   0x00000012   Code   RO         3641    i.W25Q64_WriteEnable  w25q64.o
    0x080029fa   0x080029fa   0x00000002   PAD
    0x080029fc   0x080029fc   0x00000068   Code   RO         3515    i.WaitForResponse   esp8266_driver.o
    0x08002a64   0x08002a64   0x00000028   Code   RO         4206    i.__ARM_fpclassify  m_ws.l(fpclassify.o)
    0x08002a8c   0x08002a8c   0x0000000e   Code   RO         3973    i._is_digit         c_w.l(__printf_wp.o)
    0x08002a9a   0x08002a9a   0x00000002   PAD
    0x08002a9c   0x08002a9c   0x000002a0   Code   RO         3814    i.main              main.o
    0x08002d3c   0x08002d3c   0x0000002c   Code   RO         4202    locale$$code        c_w.l(lc_numeric_c.o)
    0x08002d68   0x08002d68   0x00000062   Code   RO         4011    x$fpl$d2f           fz_ws.l(d2f.o)
    0x08002dca   0x08002dca   0x00000002   PAD
    0x08002dcc   0x08002dcc   0x00000150   Code   RO         4013    x$fpl$dadd          fz_ws.l(daddsub_clz.o)
    0x08002f1c   0x08002f1c   0x00000154   Code   RO         4019    x$fpl$dmul          fz_ws.l(dmul.o)
    0x08003070   0x08003070   0x0000009c   Code   RO         4121    x$fpl$dnaninf       fz_ws.l(dnaninf.o)
    0x0800310c   0x0800310c   0x0000000c   Code   RO         4123    x$fpl$dretinf       fz_ws.l(dretinf.o)
    0x08003118   0x08003118   0x000001d4   Code   RO         4015    x$fpl$dsub          fz_ws.l(daddsub_clz.o)
    0x080032ec   0x080032ec   0x00000056   Code   RO         4021    x$fpl$f2d           fz_ws.l(f2d.o)
    0x08003342   0x08003342   0x00000002   PAD
    0x08003344   0x08003344   0x00000184   Code   RO         4024    x$fpl$fdiv          fz_ws.l(fdiv.o)
    0x080034c8   0x080034c8   0x0000003e   Code   RO         4027    x$fpl$ffixu         fz_ws.l(ffixu.o)
    0x08003506   0x08003506   0x00000002   PAD
    0x08003508   0x08003508   0x00000026   Code   RO         4031    x$fpl$ffltu         fz_ws.l(fflt_clz.o)
    0x0800352e   0x0800352e   0x00000002   PAD
    0x08003530   0x08003530   0x00000102   Code   RO         4037    x$fpl$fmul          fz_ws.l(fmul.o)
    0x08003632   0x08003632   0x0000008c   Code   RO         4125    x$fpl$fnaninf       fz_ws.l(fnaninf.o)
    0x080036be   0x080036be   0x0000000a   Code   RO         4127    x$fpl$fretinf       fz_ws.l(fretinf.o)
    0x080036c8   0x080036c8   0x00000004   Code   RO         4039    x$fpl$printf1       fz_ws.l(printf1.o)
    0x080036cc   0x080036cc   0x00000000   Code   RO         4135    x$fpl$usenofp       fz_ws.l(usenofp.o)
    0x080036cc   0x080036cc   0x000005f0   Data   RO         3281    .constdata          oled.o
    0x08003cbc   0x08003cbc   0x00000011   Data   RO         3981    .constdata          c_w.l(__printf_flags_ss_wp.o)
    0x08003ccd   0x08003ccd   0x00000003   PAD
    0x08003cd0   0x08003cd0   0x00000094   Data   RO         4175    .constdata          c_w.l(bigflt0.o)
    0x08003d64   0x08003d64   0x00000020   Data   RO         4347    Region$$Table       anon$$obj.o
    0x08003d84   0x08003d84   0x0000001c   Data   RO         4201    locale$$data        c_w.l(lc_numeric_c.o)


    Execution Region RW_IRAM1 (Exec base: 0x20000000, Load base: 0x08003da0, Size: 0x000008b8, Max: 0x00005000, ABSOLUTE)

    Exec Addr    Load Addr    Size         Type   Attr      Idx    E Section Name        Object

    0x20000000   0x08003da0   0x00000014   Data   RW         1805    .data               stm32f10x_rcc.o
    0x20000014   0x08003db4   0x00000006   Data   RW         3423    .data               serial.o
    0x2000001a   0x08003dba   0x00000002   Data   RW         3517    .data               esp8266_driver.o
    0x2000001c   0x08003dbc   0x00000002   Data   RW         3738    .data               serial3.o
    0x2000001e   0x08003dbe   0x00000002   PAD
    0x20000020   0x08003dc0   0x00000008   Data   RW         3816    .data               main.o
    0x20000028        -       0x00000080   Zero   RW         3422    .bss                serial.o
    0x200000a8        -       0x00000100   Zero   RW         3516    .bss                esp8266_driver.o
    0x200001a8        -       0x0000008b   Zero   RW         3693    .bss                config.o
    0x20000233        -       0x00000020   Zero   RW         3815    .bss                main.o
    0x20000253   0x08003dc8   0x00000001   PAD
    0x20000254        -       0x00000060   Zero   RW         4137    .bss                c_w.l(libspace.o)
    0x200002b4   0x08003dc8   0x00000004   PAD
    0x200002b8        -       0x00000200   Zero   RW           18    HEAP                startup_stm32f10x_cl.o
    0x200004b8        -       0x00000400   Zero   RW           17    STACK               startup_stm32f10x_cl.o


==============================================================================

Image component sizes


      Code (inc. data)   RO Data    RW Data    ZI Data      Debug   Object Name

       196         14          0          0          0        940   ad.o
       288         60          0          0        139       2765   config.o
         0          0          0          0          0       4572   core_cm3.o
        70          0          0          0          0        826   delay.o
       476        152          0          2        256       4167   esp8266_driver.o
        60         10          0          0          0        865   lightsensor.o
       672        162          0          8         32       1322   main.o
       132         22          0          0          0     213475   misc.o
       280         20          0          0          0       2230   myspi.o
       822         22       1520          0          0       6789   oled.o
       454         52          0          6        128       3586   serial.o
       244         22          0          2          0       1231   serial3.o
        64         26        336          0       1536        740   startup_stm32f10x_cl.o
       394         10          0          0          0      17625   stm32f10x_adc.o
       306          0          0          0          0      11080   stm32f10x_gpio.o
        26          0          0          0          0       3278   stm32f10x_it.o
       300         38          0         20          0      13125   stm32f10x_rcc.o
       112          0          0          0          0      10130   stm32f10x_spi.o
       490          6          0          0          0      12441   stm32f10x_usart.o
       328         28          0          0          0      31365   system_stm32f10x.o
       268          4          0          0          0       3193   w25q64.o

    ----------------------------------------------------------------------
      6002        648       1888         40       2092     345745   Object Totals
         0          0         32          0          0          0   (incl. Generated)
        20          0          0          2          1          0   (incl. Padding)

    ----------------------------------------------------------------------

      Code (inc. data)   RO Data    RW Data    ZI Data      Debug   Library Member Name

        44          6          0          0          0         84   __2sprintf.o
         8          0          0          0          0         68   __main.o
       392          4         17          0          0         92   __printf_flags_ss_wp.o
        14          0          0          0          0         68   __printf_wp.o
         0          0          0          0          0          0   __rtentry.o
        12          0          0          0          0          0   __rtentry2.o
         6          0          0          0          0          0   __rtentry4.o
        52          8          0          0          0          0   __scatter.o
        26          0          0          0          0          0   __scatter_copy.o
        28          0          0          0          0          0   __scatter_zi.o
        44          0          0          0          0        108   _printf_char.o
        48          6          0          0          0         96   _printf_char_common.o
         6          0          0          0          0          0   _printf_d.o
       120         16          0          0          0         92   _printf_dec.o
         6          0          0          0          0          0   _printf_f.o
      1054          0          0          0          0        216   _printf_fp_dec.o
       128         16          0          0          0         84   _printf_fp_infnan.o
       178          0          0          0          0         88   _printf_intcommon.o
         0          0          0          0          0          0   _printf_percent.o
         4          0          0          0          0          0   _printf_percent_end.o
         6          0          0          0          0          0   _printf_s.o
        82          0          0          0          0         80   _printf_str.o
        10          0          0          0          0         68   _sputc.o
       228          4        148          0          0         96   bigflt0.o
      1936        128          0          0          0        672   btod.o
        18          0          0          0          0         80   exit.o
         6          0          0          0          0        152   heapauxi.o
         0          0          0          0          0          0   indicate_semi.o
        44         10         28          0          0         76   lc_numeric_c.o
         2          0          0          0          0          0   libinit.o
        18          0          0          0          0          0   libinit2.o
         2          0          0          0          0          0   libshutdown.o
         2          0          0          0          0          0   libshutdown2.o
         8          4          0          0         96         68   libspace.o
       138          0          0          0          0         80   lludiv10.o
         8          4          0          0          0         68   rt_locale_intlibspace.o
        68          0          0          0          0         68   rt_memclr.o
        78          0          0          0          0         80   rt_memclr_w.o
         2          0          0          0          0          0   rtexit.o
        10          0          0          0          0          0   rtexit2.o
       128          0          0          0          0         68   strcmpv7m.o
        62          0          0          0          0         76   strlen.o
        86          0          0          0          0         76   strncpy.o
        36          0          0          0          0         80   strstr.o
        12          4          0          0          0         68   sys_exit.o
        74          0          0          0          0         80   sys_stackheap_outer.o
         2          0          0          0          0         68   use_no_semi.o
        98          4          0          0          0         92   d2f.o
       804         16          0          0          0        272   daddsub_clz.o
       340         12          0          0          0        104   dmul.o
       156          4          0          0          0         92   dnaninf.o
        12          0          0          0          0         68   dretinf.o
        86          4          0          0          0         84   f2d.o
       388         76          0          0          0         96   fdiv.o
        62          4          0          0          0         84   ffixu.o
        38          0          0          0          0         68   fflt_clz.o
       258          4          0          0          0         84   fmul.o
       140          4          0          0          0         84   fnaninf.o
        10          0          0          0          0         68   fretinf.o
         4          0          0          0          0         68   printf1.o
         0          0          0          0          0          0   usenofp.o
        40          0          0          0          0         68   fpclassify.o

    ----------------------------------------------------------------------
      7690        338        196          0        100       4432   Library Totals
        18          0          3          0          4          0   (incl. Padding)

    ----------------------------------------------------------------------

      Code (inc. data)   RO Data    RW Data    ZI Data      Debug   Library Name

      5236        210        193          0         96       3100   c_w.l
      2396        128          0          0          0       1264   fz_ws.l
        40          0          0          0          0         68   m_ws.l

    ----------------------------------------------------------------------
      7690        338        196          0        100       4432   Library Totals

    ----------------------------------------------------------------------

==============================================================================


      Code (inc. data)   RO Data    RW Data    ZI Data      Debug   

     13692        986       2084         40       2192     342997   Grand Totals
     13692        986       2084         40       2192     342997   ELF Image Totals
     13692        986       2084         40          0          0   ROM Totals

==============================================================================

    Total RO  Size (Code + RO Data)                15776 (  15.41kB)
    Total RW  Size (RW Data + ZI Data)              2232 (   2.18kB)
    Total ROM Size (Code + RO Data + RW Data)      15816 (  15.45kB)

==============================================================================

